ObjectCopy succeeded
ObjectCopy: Can't copy: from obj does not have copyable type handler
ObjectCopy: Can't copy: from obj does not have copyable type handler
ObjectCopy: Can't copy: from obj does not have copyable type handler
ObjectCopy: Can't copy: Prototypes don't match
ObjectCopy: Can't copy: from obj does not have copyable type handler
ObjectCopy succeeded
ObjectCopy succeeded
ObjectCopy: Can't copy: to obj has object array
ObjectCopy: Can't copy: from obj does not have copyable type handler
pass
