catch 0
catch 1
catch 2
catch 3
catch 4
catch 5
catch 6
done
Done earlyReturn
finally 0
finally 1
finally 2
finally 3
finally 4
finally 5
finally 6
done
Done earlyBreak
finally 0
finally 1
finally 2
finally 3
finally 4
finally 5
finally 6
done
Done earlyContinue
finally 0
finally 1
finally 2
finally 3
finally 4
finally 5
finally 6
Done earlyReturnFromFinally
catch 0
Done earlyReturnFromCatch
inner finally 0
outer finally 0
Done earlyReturnFromNestedFinally
outer finally 0
Done earlyReturnFromNestedTFTC
outer finally 0
done
Done earlyBreakFromNestedTFTC
outer finally 0
outer finally 1
outer finally 2
outer finally 3
outer finally 4
outer finally 5
outer finally 6
done
Done earlyContinueFromNestedTFTC
outer finally 0
done
Done earlyReturnFromNestedTFTC
outer finally 0
outer finally 0
outer finally 0
outer finally 0
outer finally 0
outer finally 0
outer finally 0
done
Done earlyReturnFromNestedTFTC
catch 0
finally 0
earlyReturnFromCatchInTryFinally
catch 0
finally 0
earlyReturnFromCatchInTryCatchTryFinally
try
inner finally 0
outer finally 0
Done earlyReturnFromFinallyInTryFinally
catch 0
catch 1
catch 2
catch 3
catch 4
catch 5
catch 6
done
infinite loop catch
infinite loop finally
earlyReturnFromCatchInInfiniteLoop
catch 0
catch 1
catch 2
catch 3
catch 4
catch 5
catch 6
done
Done earlyReturn
finally 0
finally 1
finally 2
finally 3
finally 4
finally 5
finally 6
done
Done earlyBreak
finally 0
finally 1
finally 2
finally 3
finally 4
finally 5
finally 6
done
Done earlyContinue
finally 0
finally 1
finally 2
finally 3
finally 4
finally 5
finally 6
Done earlyReturnFromFinally
catch 0
Done earlyReturnFromCatch
inner finally 0
outer finally 0
Done earlyReturnFromNestedFinally
outer finally 0
Done earlyReturnFromNestedTFTC
outer finally 0
done
Done earlyBreakFromNestedTFTC
outer finally 0
outer finally 1
outer finally 2
outer finally 3
outer finally 4
outer finally 5
outer finally 6
done
Done earlyContinueFromNestedTFTC
outer finally 0
done
Done earlyReturnFromNestedTFTC
outer finally 0
outer finally 0
outer finally 0
outer finally 0
outer finally 0
outer finally 0
outer finally 0
done
Done earlyReturnFromNestedTFTC
catch 0
finally 0
earlyReturnFromCatchInTryFinally
catch 0
finally 0
earlyReturnFromCatchInTryCatchTryFinally
try
inner finally 0
outer finally 0
Done earlyReturnFromFinallyInTryFinally
catch 0
catch 1
catch 2
catch 3
catch 4
catch 5
catch 6
done
infinite loop catch
infinite loop finally
earlyReturnFromCatchInInfiniteLoop
catch 0
catch 1
catch 2
catch 3
catch 4
catch 5
catch 6
done
Done earlyReturn
finally 0
finally 1
finally 2
finally 3
finally 4
finally 5
finally 6
done
Done earlyBreak
finally 0
finally 1
finally 2
finally 3
finally 4
finally 5
finally 6
done
Done earlyContinue
finally 0
finally 1
finally 2
finally 3
finally 4
finally 5
finally 6
Done earlyReturnFromFinally
catch 0
Done earlyReturnFromCatch
inner finally 0
outer finally 0
Done earlyReturnFromNestedFinally
outer finally 0
Done earlyReturnFromNestedTFTC
outer finally 0
done
Done earlyBreakFromNestedTFTC
outer finally 0
outer finally 1
outer finally 2
outer finally 3
outer finally 4
outer finally 5
outer finally 6
done
Done earlyContinueFromNestedTFTC
outer finally 0
done
Done earlyReturnFromNestedTFTC
outer finally 0
outer finally 0
outer finally 0
outer finally 0
outer finally 0
outer finally 0
outer finally 0
done
Done earlyReturnFromNestedTFTC
catch 0
finally 0
earlyReturnFromCatchInTryFinally
catch 0
finally 0
earlyReturnFromCatchInTryCatchTryFinally
try
inner finally 0
outer finally 0
Done earlyReturnFromFinallyInTryFinally
catch 0
catch 1
catch 2
catch 3
catch 4
catch 5
catch 6
done
infinite loop catch
infinite loop finally
earlyReturnFromCatchInInfiniteLoop
