[
  {
    "evaluate": {
      "x": "string bp A"
    }
  },
  {
    "evaluate": {
      "x": "string Hit loc B"
    }
  },
  {
    "evaluate": {
      "x": "string bp D"
    }
  },
  {
    "evaluate": {
      "x": "string bp A"
    }
  },
  {
    "evaluate": {
      "x": "string Hit loc B"
    }
  },
  {
    "evaluate": {
      "x": "string bp D"
    }
  }
]