[
  {
    "this": {
      "telemetryLog": "function <large string>",
      "read": "function read",
      "readbuffer": "function readbuffer",
      "console": "Object {...}",
      "a": "Object {...}"
    },
    "locals": {
      "y": "string x",
      "read": {
        "#__proto__": "function function() {\n    [native code]\n}",
        "prototype": "Object {...}",
        "name": "string read",
        "caller": "object null",
        "arguments": "object null"
      },
      "readbuffer": {
        "#__proto__": "function function() {\n    [native code]\n}",
        "prototype": "Object {...}",
        "name": "string readbuffer",
        "caller": "object null",
        "arguments": "object null"
      },
      "console": {
        "#__proto__": "Object {...}",
        "log": "function log"
      },
      "a": {
        "#__proto__": "Object {...}",
        "x": "number 2",
        "y": "number 1"
      }
    },
    "globals": {}
  },
  {
    "this": {
      "telemetryLog": "function <large string>",
      "read": "function read",
      "readbuffer": "function readbuffer",
      "console": "Object {...}",
      "a": "Object {...}"
    },
    "locals": {
      "y": "string y",
      "read": {
        "#__proto__": "function function() {\n    [native code]\n}",
        "prototype": "Object {...}",
        "name": "string read",
        "caller": "object null",
        "arguments": "object null"
      },
      "readbuffer": {
        "#__proto__": "function function() {\n    [native code]\n}",
        "prototype": "Object {...}",
        "name": "string readbuffer",
        "caller": "object null",
        "arguments": "object null"
      },
      "console": {
        "#__proto__": "Object {...}",
        "log": "function log"
      },
      "a": {
        "#__proto__": "Object {...}",
        "x": "number 2",
        "y": "number 1"
      }
    },
    "globals": {}
  }
]