[
  {
    "this": {
      "x": "undefined undefined",
      "foo": "undefined undefined",
      "bar": "undefined undefined"
    },
    "locals": {
      "x": "undefined undefined",
      "foo": "undefined undefined",
      "bar": "undefined undefined"
    },
    "globals": {}
  },
  {
    "this": {
      "x": "number 1",
      "foo": "function <large string>",
      "bar": "function <large string>"
    },
    "locals": {
      "x": "number 1",
      "foo": {
        "#__proto__": "function <large string>",
        "prototype": "Object {...}",
        "name": "string foo",
        "caller": "object null",
        "arguments": "object null",
        "length": "number 0"
      },
      "bar": {
        "#__proto__": "function <large string>",
        "prototype": "Object {...}",
        "name": "string bar",
        "caller": "object null",
        "arguments": "object null",
        "length": "number 0"
      }
    },
    "globals": {}
  }
]