[
  {
    "this": {
      "bar": "function <large string>",
      "foo": "function <large string>",
      "a": "Array [1,2,check]"
    },
    "locals": {
      "x": "number 1",
      "y": "number 2",
      "z": "string check",
      "arguments": {
        "#__proto__": "Object {...}",
        "length": "number 3",
        "callee": "function <large string>",
        "Symbol.iterator": "function <large string>",
        "[0]": "string 1",
        "[1]": "string 2",
        "[2]": "string \"check\""
      }
    },
    "globals": {
      "bar": "function <large string>",
      "foo": "function <large string>",
      "a": "Array [1,2,check]"
    }
  },
  {
    "evaluate": {
      "bar(...arguments)": "boolean true"
    }
  }
]