[
  {
    "evaluate": {
      "let a = 1": "undefined undefined"
    }
  },
  {
    "this": {
      "Symbol.toStringTag": "string global"
    },
    "locals": {
      "a": "number 100",
      "b": "number 200",
      "Symbol.toStringTag": "string global"
    },
    "globals": {}
  }
]