[
  {
    "this": "Object {...}",
    "locals": {
      "console": "Object {...}",
      "x": "number 1"
    }
  },
  {
    "this": {
      "telemetryLog": "function <large string>",
      "console": "Object {...}",
      "x": "number 0"
    },
    "locals": {
      "z": "number 1",
      "console": {
        "#__proto__": "Object {...}",
        "log": "function log"
      },
      "x": "number 0"
    },
    "globals": {}
  },
  {
    "this": {
      "telemetryLog": "function <large string>",
      "console": "Object {...}",
      "x": "number 1"
    },
    "locals": {
      "z": "number 1",
      "console": {
        "#__proto__": "Object {...}",
        "log": "function log"
      },
      "x": "number 1"
    },
    "globals": {}
  }
]