[
  {
    "this": "Object {...}",
    "functionCallsReturn": {
      "[Intl.getCanonicalLocales returned]": "Array [en-US]"
    },
    "locals": {
      "x": "number 0",
      "Symbol.toStringTag": "string global"
    }
  },
  {
    "this": "Object {...}",
    "functionCallsReturn": {
      "[Intl.getCanonicalLocales returned]": "Array [en-US]"
    },
    "locals": {
      "x": "number 1",
      "Symbol.toStringTag": "string global"
    }
  }
]