[
  {
    "this": {
      "Symbol.toStringTag": "string global",
      "foo": "function <large string>",
      "bar": "function <large string>",
      "baz": "function <large string>",
      "Run": "function <large string>"
    },
    "arguments": {
      "#__proto__": "Object {...}",
      "length": "number 0",
      "callee": "function <large string>",
      "Symbol.iterator": "function <large string>"
    },
    "[Return value]": "undefined undefined",
    "locals": {
      "x": "number 2"
    },
    "globals": {
      "Symbol.toStringTag": "string global",
      "foo": "function <large string>",
      "bar": "function <large string>",
      "baz": "function <large string>",
      "Run": "function <large string>"
    }
  },
  {
    "this": {
      "Symbol.toStringTag": "string global",
      "foo": "function <large string>",
      "bar": "function <large string>",
      "baz": "function <large string>",
      "Run": "function <large string>"
    },
    "arguments": {
      "#__proto__": "Object {...}",
      "length": "number 0",
      "callee": "function <large string>",
      "Symbol.iterator": "function <large string>"
    },
    "[Return value]": "undefined undefined",
    "functionCallsReturn": {
      "[baz returned]": "undefined undefined"
    },
    "locals": {
      "_a": "string bar_let",
      "__a": "string bar_const",
      "a": "string bar"
    },
    "globals": {
      "Symbol.toStringTag": "string global",
      "foo": "function <large string>",
      "bar": "function <large string>",
      "baz": "function <large string>",
      "Run": "function <large string>"
    }
  },
  {
    "this": {
      "Symbol.toStringTag": "string global",
      "foo": "function <large string>",
      "bar": "function <large string>",
      "baz": "function <large string>",
      "Run": "function <large string>"
    },
    "arguments": {
      "#__proto__": "Object {...}",
      "length": "number 0",
      "callee": "function <large string>",
      "Symbol.iterator": "function <large string>"
    },
    "[Return value]": "undefined undefined",
    "functionCallsReturn": {
      "[bar returned]": "undefined undefined"
    },
    "locals": {
      "_a": "string foo_let",
      "__a": "string foo_const",
      "a": "string foo"
    },
    "globals": {
      "Symbol.toStringTag": "string global",
      "foo": "function <large string>",
      "bar": "function <large string>",
      "baz": "function <large string>",
      "Run": "function <large string>"
    }
  }
]