Successfully compiled asm.js code
import func, val 8
2
import func, val 16
-1
testFunc
import func, val 32
1
import func, val 64
0
testFunc
import2 func, val 8
0
import2 func, val 16
1
testFunc
import3 func, val 8
-1
import3 func, val 16
1
testFunc
import func, val 128
-1
import func, val 256
2
testFunc
import2 func, val 32
-1
import2 func, val 64
2
testFunc
import3 func, val 32
-1
import3 func, val 64
1
