conversions.wast:70: $assert_trap_38 failed, runtime trap NYI
conversions.wast:71: $assert_trap_39 failed, runtime trap NYI
conversions.wast:72: $assert_trap_40 failed, runtime trap NYI
conversions.wast:73: $assert_trap_41 failed, runtime trap NYI
conversions.wast:74: $assert_trap_42 failed, runtime trap NYI
conversions.wast:89: $assert_trap_43 failed, runtime trap NYI
conversions.wast:90: $assert_trap_44 failed, runtime trap NYI
conversions.wast:91: $assert_trap_45 failed, runtime trap NYI
conversions.wast:92: $assert_trap_46 failed, runtime trap NYI
conversions.wast:93: $assert_trap_47 failed, runtime trap NYI
conversions.wast:109: $assert_trap_62 failed, runtime trap NYI
conversions.wast:110: $assert_trap_63 failed, runtime trap NYI
conversions.wast:111: $assert_trap_64 failed, runtime trap NYI
conversions.wast:112: $assert_trap_65 failed, runtime trap NYI
conversions.wast:113: $assert_trap_66 failed, runtime trap NYI
conversions.wast:129: $assert_trap_67 failed, runtime trap NYI
conversions.wast:130: $assert_trap_68 failed, runtime trap NYI
conversions.wast:131: $assert_trap_69 failed, runtime trap NYI
conversions.wast:132: $assert_trap_70 failed, runtime trap NYI
conversions.wast:133: $assert_trap_71 failed, runtime trap NYI
conversions.wast:134: $assert_trap_72 failed, runtime trap NYI
conversions.wast:135: $assert_trap_73 failed, runtime trap NYI
conversions.wast:136: $assert_trap_74 failed, runtime trap NYI
conversions.wast:154: $assert_trap_91 failed, runtime trap NYI
conversions.wast:155: $assert_trap_92 failed, runtime trap NYI
conversions.wast:156: $assert_trap_93 failed, runtime trap NYI
conversions.wast:157: $assert_trap_94 failed, runtime trap NYI
conversions.wast:158: $assert_trap_95 failed, runtime trap NYI
conversions.wast:171: $assert_trap_107 failed, runtime trap NYI
conversions.wast:172: $assert_trap_108 failed, runtime trap NYI
conversions.wast:173: $assert_trap_109 failed, runtime trap NYI
conversions.wast:174: $assert_trap_110 failed, runtime trap NYI
conversions.wast:175: $assert_trap_111 failed, runtime trap NYI
conversions.wast:193: $assert_trap_128 failed, runtime trap NYI
conversions.wast:194: $assert_trap_129 failed, runtime trap NYI
conversions.wast:195: $assert_trap_130 failed, runtime trap NYI
conversions.wast:196: $assert_trap_131 failed, runtime trap NYI
conversions.wast:197: $assert_trap_132 failed, runtime trap NYI
conversions.wast:214: $assert_trap_148 failed, runtime trap NYI
conversions.wast:215: $assert_trap_149 failed, runtime trap NYI
conversions.wast:216: $assert_trap_150 failed, runtime trap NYI
conversions.wast:217: $assert_trap_151 failed, runtime trap NYI
conversions.wast:218: $assert_trap_152 failed, runtime trap NYI
281/324 tests passed.
