conversions.wast:70: $assert_trap_38 failed, runtime trap NYI
conversions.wast:71: $assert_trap_39 failed, runtime trap NYI
conversions.wast:72: $assert_trap_40 failed, runtime trap NYI
conversions.wast:73: $assert_trap_41 failed, runtime trap NYI
conversions.wast:74: $assert_trap_42 failed, runtime trap NYI
conversions.wast:89: $assert_trap_56 failed, runtime trap NYI
conversions.wast:90: $assert_trap_57 failed, runtime trap NYI
conversions.wast:91: $assert_trap_58 failed, runtime trap NYI
conversions.wast:92: $assert_trap_59 failed, runtime trap NYI
conversions.wast:93: $assert_trap_60 failed, runtime trap NYI
conversions.wast:109: $assert_trap_75 failed, runtime trap NYI
conversions.wast:110: $assert_trap_76 failed, runtime trap NYI
conversions.wast:111: $assert_trap_77 failed, runtime trap NYI
conversions.wast:112: $assert_trap_78 failed, runtime trap NYI
conversions.wast:113: $assert_trap_79 failed, runtime trap NYI
conversions.wast:129: $assert_trap_94 failed, runtime trap NYI
conversions.wast:130: $assert_trap_95 failed, runtime trap NYI
conversions.wast:131: $assert_trap_96 failed, runtime trap NYI
conversions.wast:132: $assert_trap_97 failed, runtime trap NYI
conversions.wast:133: $assert_trap_98 failed, runtime trap NYI
conversions.wast:134: $assert_trap_99 failed, runtime trap NYI
conversions.wast:135: $assert_trap_100 failed, runtime trap NYI
conversions.wast:136: $assert_trap_101 failed, runtime trap NYI
conversions.wast:154: $assert_trap_118 failed, runtime trap NYI
conversions.wast:155: $assert_trap_119 failed, runtime trap NYI
conversions.wast:156: $assert_trap_120 failed, runtime trap NYI
conversions.wast:157: $assert_trap_121 failed, runtime trap NYI
conversions.wast:158: $assert_trap_122 failed, runtime trap NYI
conversions.wast:171: $assert_trap_134 failed, runtime trap NYI
conversions.wast:172: $assert_trap_135 failed, runtime trap NYI
conversions.wast:173: $assert_trap_136 failed, runtime trap NYI
conversions.wast:174: $assert_trap_137 failed, runtime trap NYI
conversions.wast:175: $assert_trap_138 failed, runtime trap NYI
conversions.wast:193: $assert_trap_155 failed, runtime trap NYI
conversions.wast:194: $assert_trap_156 failed, runtime trap NYI
conversions.wast:195: $assert_trap_157 failed, runtime trap NYI
conversions.wast:196: $assert_trap_158 failed, runtime trap NYI
conversions.wast:197: $assert_trap_159 failed, runtime trap NYI
conversions.wast:214: $assert_trap_175 failed, runtime trap NYI
conversions.wast:215: $assert_trap_176 failed, runtime trap NYI
conversions.wast:216: $assert_trap_177 failed, runtime trap NYI
conversions.wast:217: $assert_trap_178 failed, runtime trap NYI
conversions.wast:218: $assert_trap_179 failed, runtime trap NYI
308/351 tests passed.
