endianness.wast:148: $assert_return_12 unexpectedly threw: Error: Compiling wasm failed: function i64_load16_s[9] at offset 6/14: Operator I32Wrap_I64 NYI
endianness.wast:149: $assert_return_13 unexpectedly threw: Error: Compiling wasm failed: function i64_load16_s[9] at offset 6/14: Operator I32Wrap_I64 NYI
endianness.wast:150: $assert_return_14 unexpectedly threw: Error: Compiling wasm failed: function i64_load16_s[9] at offset 6/14: Operator I32Wrap_I64 NYI
endianness.wast:151: $assert_return_15 unexpectedly threw: Error: Compiling wasm failed: function i64_load16_s[9] at offset 6/14: Operator I32Wrap_I64 NYI
endianness.wast:153: $assert_return_16 unexpectedly threw: Error: Compiling wasm failed: function i64_load16_u[10] at offset 6/14: Operator I32Wrap_I64 NYI
endianness.wast:154: $assert_return_17 unexpectedly threw: Error: Compiling wasm failed: function i64_load16_u[10] at offset 6/14: Operator I32Wrap_I64 NYI
endianness.wast:155: $assert_return_18 unexpectedly threw: Error: Compiling wasm failed: function i64_load16_u[10] at offset 6/14: Operator I32Wrap_I64 NYI
endianness.wast:156: $assert_return_19 unexpectedly threw: Error: Compiling wasm failed: function i64_load16_u[10] at offset 6/14: Operator I32Wrap_I64 NYI
endianness.wast:158: $assert_return_20 unexpectedly threw: Error: Compiling wasm failed: function i64_load32_s[11] at offset 6/14: Operator I32Wrap_I64 NYI
endianness.wast:159: $assert_return_21 unexpectedly threw: Error: Compiling wasm failed: function i64_load32_s[11] at offset 6/14: Operator I32Wrap_I64 NYI
endianness.wast:160: $assert_return_22 unexpectedly threw: Error: Compiling wasm failed: function i64_load32_s[11] at offset 6/14: Operator I32Wrap_I64 NYI
endianness.wast:161: $assert_return_23 unexpectedly threw: Error: Compiling wasm failed: function i64_load32_s[11] at offset 6/14: Operator I32Wrap_I64 NYI
endianness.wast:163: $assert_return_24 unexpectedly threw: Error: Compiling wasm failed: function i64_load32_u[12] at offset 6/14: Operator I32Wrap_I64 NYI
endianness.wast:164: $assert_return_25 unexpectedly threw: Error: Compiling wasm failed: function i64_load32_u[12] at offset 6/14: Operator I32Wrap_I64 NYI
endianness.wast:165: $assert_return_26 unexpectedly threw: Error: Compiling wasm failed: function i64_load32_u[12] at offset 6/14: Operator I32Wrap_I64 NYI
endianness.wast:166: $assert_return_27 unexpectedly threw: Error: Compiling wasm failed: function i64_load32_u[12] at offset 6/14: Operator I32Wrap_I64 NYI
endianness.wast:168: $assert_return_28 unexpectedly threw: Error: Compiling wasm failed: function wasm-function[2] at offset 6/22: Operator I32Wrap_I64 NYI
endianness.wast:169: $assert_return_29 unexpectedly threw: Error: Compiling wasm failed: function wasm-function[2] at offset 6/22: Operator I32Wrap_I64 NYI
endianness.wast:170: $assert_return_30 unexpectedly threw: Error: Compiling wasm failed: function wasm-function[2] at offset 6/22: Operator I32Wrap_I64 NYI
endianness.wast:171: $assert_return_31 unexpectedly threw: Error: Compiling wasm failed: function wasm-function[2] at offset 6/22: Operator I32Wrap_I64 NYI
endianness.wast:178: $assert_return_36 unexpectedly threw: Error: Compiling wasm failed: function $assert_return_36[59] at offset 13/25: Operator I64ReinterpretF64 NYI
endianness.wast:179: $assert_return_37 unexpectedly threw: Error: Compiling wasm failed: function $assert_return_37[60] at offset 13/25: Operator I64ReinterpretF64 NYI
endianness.wast:180: $assert_return_38 unexpectedly threw: Error: Compiling wasm failed: function $assert_return_38[61] at offset 13/25: Operator I64ReinterpretF64 NYI
endianness.wast:181: $assert_return_39 unexpectedly threw: Error: Compiling wasm failed: function $assert_return_39[62] at offset 13/25: Operator I64ReinterpretF64 NYI
endianness.wast:214: $assert_return_64 unexpectedly threw: Error: Compiling wasm failed: function $assert_return_64[87] at offset 13/25: Operator I64ReinterpretF64 NYI
endianness.wast:215: $assert_return_65 unexpectedly threw: Error: Compiling wasm failed: function $assert_return_65[88] at offset 13/25: Operator I64ReinterpretF64 NYI
endianness.wast:216: $assert_return_66 unexpectedly threw: Error: Compiling wasm failed: function $assert_return_66[89] at offset 13/25: Operator I64ReinterpretF64 NYI
endianness.wast:217: $assert_return_67 unexpectedly threw: Error: Compiling wasm failed: function $assert_return_67[90] at offset 13/25: Operator I64ReinterpretF64 NYI
40/68 tests passed.
