float_exprs.wast:493: $assert_return_5 unexpectedly threw: TypeError: Overflow
float_exprs.wast:698: $assert_return_3 failed.
float_exprs.wast:699: $assert_return_4 unexpectedly threw: TypeError: Overflow
float_exprs.wast:700: $assert_return_5 unexpectedly threw: TypeError: Overflow
$action_0 = undefined
$action_1 = undefined
$action_2 = undefined
$action_3 = undefined
$action_8 = undefined
$action_0 = undefined
$action_1 = undefined
$action_2 = undefined
$action_3 = undefined
$action_8 = undefined
684/688 tests passed.
