float_exprs.wast:11: $assert_return_0 unexpectedly threw: WebAssemblyCompileError: Compiling wasm failed: function $assert_return_0[1] at offset 31/43: Operator I64ReinterpretF64 NYI
float_exprs.wast:12: $assert_return_1 unexpectedly threw: WebAssemblyCompileError: Compiling wasm failed: function $assert_return_1[2] at offset 31/43: Operator I64ReinterpretF64 NYI
float_exprs.wast:13: $assert_return_2 unexpectedly threw: WebAssemblyCompileError: Compiling wasm failed: function $assert_return_2[3] at offset 31/43: Operator I64ReinterpretF64 NYI
float_exprs.wast:14: $assert_return_3 unexpectedly threw: WebAssemblyCompileError: Compiling wasm failed: function $assert_return_3[4] at offset 31/43: Operator I64ReinterpretF64 NYI
float_exprs.wast:15: $assert_return_4 unexpectedly threw: WebAssemblyCompileError: Compiling wasm failed: function $assert_return_4[5] at offset 31/43: Operator I64ReinterpretF64 NYI
float_exprs.wast:31: $assert_return_5 unexpectedly threw: WebAssemblyCompileError: Compiling wasm failed: function $assert_return_5[7] at offset 31/43: Operator I64ReinterpretF64 NYI
float_exprs.wast:32: $assert_return_6 unexpectedly threw: WebAssemblyCompileError: Compiling wasm failed: function $assert_return_6[8] at offset 31/43: Operator I64ReinterpretF64 NYI
float_exprs.wast:33: $assert_return_7 unexpectedly threw: WebAssemblyCompileError: Compiling wasm failed: function $assert_return_7[9] at offset 31/43: Operator I64ReinterpretF64 NYI
float_exprs.wast:34: $assert_return_8 unexpectedly threw: WebAssemblyCompileError: Compiling wasm failed: function $assert_return_8[10] at offset 31/43: Operator I64ReinterpretF64 NYI
float_exprs.wast:35: $assert_return_9 unexpectedly threw: WebAssemblyCompileError: Compiling wasm failed: function $assert_return_9[11] at offset 31/43: Operator I64ReinterpretF64 NYI
float_exprs.wast:48: $assert_return_1 unexpectedly threw: WebAssemblyCompileError: Compiling wasm failed: function $assert_return_1[3] at offset 13/25: Operator I64ReinterpretF64 NYI
float_exprs.wast:50: $assert_return_3 unexpectedly threw: WebAssemblyCompileError: Compiling wasm failed: function $assert_return_3[5] at offset 13/25: Operator I64ReinterpretF64 NYI
float_exprs.wast:62: $assert_return_1 unexpectedly threw: WebAssemblyCompileError: Compiling wasm failed: function $assert_return_1[3] at offset 13/25: Operator I64ReinterpretF64 NYI
float_exprs.wast:64: $assert_return_3 unexpectedly threw: WebAssemblyCompileError: Compiling wasm failed: function $assert_return_3[5] at offset 13/25: Operator I64ReinterpretF64 NYI
float_exprs.wast:76: $assert_return_1 unexpectedly threw: WebAssemblyCompileError: Compiling wasm failed: function $assert_return_1[3] at offset 13/25: Operator I64ReinterpretF64 NYI
float_exprs.wast:91: $assert_return_4 unexpectedly threw: WebAssemblyCompileError: Compiling wasm failed: function $assert_return_4[6] at offset 13/25: Operator I64ReinterpretF64 NYI
float_exprs.wast:92: $assert_return_5 unexpectedly threw: WebAssemblyCompileError: Compiling wasm failed: function $assert_return_5[7] at offset 13/25: Operator I64ReinterpretF64 NYI
float_exprs.wast:93: $assert_return_6 unexpectedly threw: WebAssemblyCompileError: Compiling wasm failed: function $assert_return_6[8] at offset 13/25: Operator I64ReinterpretF64 NYI
float_exprs.wast:94: $assert_return_7 unexpectedly threw: WebAssemblyCompileError: Compiling wasm failed: function $assert_return_7[9] at offset 13/25: Operator I64ReinterpretF64 NYI
float_exprs.wast:107: $assert_return_1 unexpectedly threw: WebAssemblyCompileError: Compiling wasm failed: function $assert_return_1[3] at offset 13/25: Operator I64ReinterpretF64 NYI
float_exprs.wast:124: $assert_return_6 unexpectedly threw: WebAssemblyCompileError: Compiling wasm failed: function $assert_return_6[8] at offset 13/25: Operator I64ReinterpretF64 NYI
float_exprs.wast:125: $assert_return_7 unexpectedly threw: WebAssemblyCompileError: Compiling wasm failed: function $assert_return_7[9] at offset 13/25: Operator I64ReinterpretF64 NYI
float_exprs.wast:137: $assert_return_1 unexpectedly threw: WebAssemblyCompileError: Compiling wasm failed: function $assert_return_1[3] at offset 13/25: Operator I64ReinterpretF64 NYI
float_exprs.wast:149: $assert_return_1 unexpectedly threw: WebAssemblyCompileError: Compiling wasm failed: function $assert_return_1[3] at offset 13/25: Operator I64ReinterpretF64 NYI
float_exprs.wast:161: $assert_return_1 unexpectedly threw: WebAssemblyCompileError: Compiling wasm failed: function $assert_return_1[3] at offset 13/25: Operator I64ReinterpretF64 NYI
float_exprs.wast:173: $assert_return_1 unexpectedly threw: WebAssemblyCompileError: Compiling wasm failed: function $assert_return_1[3] at offset 13/25: Operator I64ReinterpretF64 NYI
float_exprs.wast:211: $assert_return_3 unexpectedly threw: WebAssemblyCompileError: Compiling wasm failed: function $assert_return_3[5] at offset 13/25: Operator I64ReinterpretF64 NYI
float_exprs.wast:227: $assert_return_5 unexpectedly threw: WebAssemblyCompileError: Compiling wasm failed: function $assert_return_5[7] at offset 13/25: Operator I64ReinterpretF64 NYI
float_exprs.wast:228: $assert_return_6 unexpectedly threw: WebAssemblyCompileError: Compiling wasm failed: function $assert_return_6[8] at offset 13/25: Operator I64ReinterpretF64 NYI
float_exprs.wast:229: $assert_return_7 unexpectedly threw: WebAssemblyCompileError: Compiling wasm failed: function $assert_return_7[9] at offset 13/25: Operator I64ReinterpretF64 NYI
float_exprs.wast:230: $assert_return_8 unexpectedly threw: WebAssemblyCompileError: Compiling wasm failed: function $assert_return_8[10] at offset 13/25: Operator I64ReinterpretF64 NYI
float_exprs.wast:231: $assert_return_9 unexpectedly threw: WebAssemblyCompileError: Compiling wasm failed: function $assert_return_9[11] at offset 13/25: Operator I64ReinterpretF64 NYI
float_exprs.wast:247: $assert_return_5 unexpectedly threw: WebAssemblyCompileError: Compiling wasm failed: function $assert_return_5[7] at offset 31/43: Operator I64ReinterpretF64 NYI
float_exprs.wast:248: $assert_return_6 unexpectedly threw: WebAssemblyCompileError: Compiling wasm failed: function $assert_return_6[8] at offset 31/43: Operator I64ReinterpretF64 NYI
float_exprs.wast:249: $assert_return_7 unexpectedly threw: WebAssemblyCompileError: Compiling wasm failed: function $assert_return_7[9] at offset 31/43: Operator I64ReinterpretF64 NYI
float_exprs.wast:250: $assert_return_8 unexpectedly threw: WebAssemblyCompileError: Compiling wasm failed: function $assert_return_8[10] at offset 31/43: Operator I64ReinterpretF64 NYI
float_exprs.wast:251: $assert_return_9 unexpectedly threw: WebAssemblyCompileError: Compiling wasm failed: function $assert_return_9[11] at offset 31/43: Operator I64ReinterpretF64 NYI
float_exprs.wast:267: $assert_return_5 unexpectedly threw: WebAssemblyCompileError: Compiling wasm failed: function $assert_return_5[7] at offset 31/43: Operator I64ReinterpretF64 NYI
float_exprs.wast:268: $assert_return_6 unexpectedly threw: WebAssemblyCompileError: Compiling wasm failed: function $assert_return_6[8] at offset 31/43: Operator I64ReinterpretF64 NYI
float_exprs.wast:269: $assert_return_7 unexpectedly threw: WebAssemblyCompileError: Compiling wasm failed: function $assert_return_7[9] at offset 31/43: Operator I64ReinterpretF64 NYI
float_exprs.wast:270: $assert_return_8 unexpectedly threw: WebAssemblyCompileError: Compiling wasm failed: function $assert_return_8[10] at offset 31/43: Operator I64ReinterpretF64 NYI
float_exprs.wast:271: $assert_return_9 unexpectedly threw: WebAssemblyCompileError: Compiling wasm failed: function $assert_return_9[11] at offset 31/43: Operator I64ReinterpretF64 NYI
float_exprs.wast:287: $assert_return_5 unexpectedly threw: WebAssemblyCompileError: Compiling wasm failed: function $assert_return_5[7] at offset 31/43: Operator I64ReinterpretF64 NYI
float_exprs.wast:288: $assert_return_6 unexpectedly threw: WebAssemblyCompileError: Compiling wasm failed: function $assert_return_6[8] at offset 31/43: Operator I64ReinterpretF64 NYI
float_exprs.wast:289: $assert_return_7 unexpectedly threw: WebAssemblyCompileError: Compiling wasm failed: function $assert_return_7[9] at offset 31/43: Operator I64ReinterpretF64 NYI
float_exprs.wast:290: $assert_return_8 unexpectedly threw: WebAssemblyCompileError: Compiling wasm failed: function $assert_return_8[10] at offset 31/43: Operator I64ReinterpretF64 NYI
float_exprs.wast:291: $assert_return_9 unexpectedly threw: WebAssemblyCompileError: Compiling wasm failed: function $assert_return_9[11] at offset 31/43: Operator I64ReinterpretF64 NYI
float_exprs.wast:307: $assert_return_5 unexpectedly threw: WebAssemblyCompileError: Compiling wasm failed: function $assert_return_5[7] at offset 31/43: Operator I64ReinterpretF64 NYI
float_exprs.wast:308: $assert_return_6 unexpectedly threw: WebAssemblyCompileError: Compiling wasm failed: function $assert_return_6[8] at offset 31/43: Operator I64ReinterpretF64 NYI
float_exprs.wast:309: $assert_return_7 unexpectedly threw: WebAssemblyCompileError: Compiling wasm failed: function $assert_return_7[9] at offset 31/43: Operator I64ReinterpretF64 NYI
float_exprs.wast:310: $assert_return_8 unexpectedly threw: WebAssemblyCompileError: Compiling wasm failed: function $assert_return_8[10] at offset 31/43: Operator I64ReinterpretF64 NYI
float_exprs.wast:311: $assert_return_9 unexpectedly threw: WebAssemblyCompileError: Compiling wasm failed: function $assert_return_9[11] at offset 31/43: Operator I64ReinterpretF64 NYI
float_exprs.wast:327: $assert_return_5 unexpectedly threw: WebAssemblyCompileError: Compiling wasm failed: function $assert_return_5[7] at offset 40/52: Operator I64ReinterpretF64 NYI
float_exprs.wast:328: $assert_return_6 unexpectedly threw: WebAssemblyCompileError: Compiling wasm failed: function $assert_return_6[8] at offset 40/52: Operator I64ReinterpretF64 NYI
float_exprs.wast:329: $assert_return_7 unexpectedly threw: WebAssemblyCompileError: Compiling wasm failed: function $assert_return_7[9] at offset 40/52: Operator I64ReinterpretF64 NYI
float_exprs.wast:330: $assert_return_8 unexpectedly threw: WebAssemblyCompileError: Compiling wasm failed: function $assert_return_8[10] at offset 40/52: Operator I64ReinterpretF64 NYI
float_exprs.wast:331: $assert_return_9 unexpectedly threw: WebAssemblyCompileError: Compiling wasm failed: function $assert_return_9[11] at offset 40/52: Operator I64ReinterpretF64 NYI
float_exprs.wast:347: $assert_return_5 unexpectedly threw: WebAssemblyCompileError: Compiling wasm failed: function $assert_return_5[7] at offset 40/52: Operator I64ReinterpretF64 NYI
float_exprs.wast:348: $assert_return_6 unexpectedly threw: WebAssemblyCompileError: Compiling wasm failed: function $assert_return_6[8] at offset 40/52: Operator I64ReinterpretF64 NYI
float_exprs.wast:349: $assert_return_7 unexpectedly threw: WebAssemblyCompileError: Compiling wasm failed: function $assert_return_7[9] at offset 40/52: Operator I64ReinterpretF64 NYI
float_exprs.wast:350: $assert_return_8 unexpectedly threw: WebAssemblyCompileError: Compiling wasm failed: function $assert_return_8[10] at offset 40/52: Operator I64ReinterpretF64 NYI
float_exprs.wast:351: $assert_return_9 unexpectedly threw: WebAssemblyCompileError: Compiling wasm failed: function $assert_return_9[11] at offset 40/52: Operator I64ReinterpretF64 NYI
float_exprs.wast:370: $assert_return_8 unexpectedly threw: WebAssemblyCompileError: Compiling wasm failed: function $assert_return_8[10] at offset 13/25: Operator I64ReinterpretF64 NYI
float_exprs.wast:371: $assert_return_9 unexpectedly threw: WebAssemblyCompileError: Compiling wasm failed: function $assert_return_9[11] at offset 13/25: Operator I64ReinterpretF64 NYI
float_exprs.wast:372: $assert_return_10 unexpectedly threw: WebAssemblyCompileError: Compiling wasm failed: function $assert_return_10[12] at offset 13/25: Operator I64ReinterpretF64 NYI
float_exprs.wast:373: $assert_return_11 unexpectedly threw: WebAssemblyCompileError: Compiling wasm failed: function $assert_return_11[13] at offset 13/25: Operator I64ReinterpretF64 NYI
float_exprs.wast:376: $assert_return_14 unexpectedly threw: WebAssemblyCompileError: Compiling wasm failed: function $assert_return_14[16] at offset 13/25: Operator I64ReinterpretF64 NYI
float_exprs.wast:377: $assert_return_15 unexpectedly threw: WebAssemblyCompileError: Compiling wasm failed: function $assert_return_15[17] at offset 13/25: Operator I64ReinterpretF64 NYI
float_exprs.wast:396: $assert_return_8 unexpectedly threw: WebAssemblyCompileError: Compiling wasm failed: function $assert_return_8[10] at offset 13/25: Operator I64ReinterpretF64 NYI
float_exprs.wast:397: $assert_return_9 unexpectedly threw: WebAssemblyCompileError: Compiling wasm failed: function $assert_return_9[11] at offset 13/25: Operator I64ReinterpretF64 NYI
float_exprs.wast:398: $assert_return_10 unexpectedly threw: WebAssemblyCompileError: Compiling wasm failed: function $assert_return_10[12] at offset 13/25: Operator I64ReinterpretF64 NYI
float_exprs.wast:399: $assert_return_11 unexpectedly threw: WebAssemblyCompileError: Compiling wasm failed: function $assert_return_11[13] at offset 13/25: Operator I64ReinterpretF64 NYI
float_exprs.wast:402: $assert_return_14 unexpectedly threw: WebAssemblyCompileError: Compiling wasm failed: function $assert_return_14[16] at offset 13/25: Operator I64ReinterpretF64 NYI
float_exprs.wast:403: $assert_return_15 unexpectedly threw: WebAssemblyCompileError: Compiling wasm failed: function $assert_return_15[17] at offset 13/25: Operator I64ReinterpretF64 NYI
float_exprs.wast:421: $assert_return_5 unexpectedly threw: WebAssemblyCompileError: Compiling wasm failed: function $assert_return_5[7] at offset 22/34: Operator I64ReinterpretF64 NYI
float_exprs.wast:422: $assert_return_6 unexpectedly threw: WebAssemblyCompileError: Compiling wasm failed: function $assert_return_6[8] at offset 22/34: Operator I64ReinterpretF64 NYI
float_exprs.wast:423: $assert_return_7 unexpectedly threw: WebAssemblyCompileError: Compiling wasm failed: function $assert_return_7[9] at offset 22/34: Operator I64ReinterpretF64 NYI
float_exprs.wast:424: $assert_return_8 unexpectedly threw: WebAssemblyCompileError: Compiling wasm failed: function $assert_return_8[10] at offset 22/34: Operator I64ReinterpretF64 NYI
float_exprs.wast:425: $assert_return_9 unexpectedly threw: WebAssemblyCompileError: Compiling wasm failed: function $assert_return_9[11] at offset 22/34: Operator I64ReinterpretF64 NYI
float_exprs.wast:455: $assert_return_5 unexpectedly threw: WebAssemblyCompileError: Compiling wasm failed: function $assert_return_5[7] at offset 13/25: Operator I64ReinterpretF64 NYI
float_exprs.wast:456: $assert_return_6 unexpectedly threw: WebAssemblyCompileError: Compiling wasm failed: function $assert_return_6[8] at offset 13/25: Operator I64ReinterpretF64 NYI
float_exprs.wast:457: $assert_return_7 unexpectedly threw: WebAssemblyCompileError: Compiling wasm failed: function $assert_return_7[9] at offset 13/25: Operator I64ReinterpretF64 NYI
float_exprs.wast:458: $assert_return_8 unexpectedly threw: WebAssemblyCompileError: Compiling wasm failed: function $assert_return_8[10] at offset 13/25: Operator I64ReinterpretF64 NYI
float_exprs.wast:459: $assert_return_9 unexpectedly threw: WebAssemblyCompileError: Compiling wasm failed: function $assert_return_9[11] at offset 13/25: Operator I64ReinterpretF64 NYI
float_exprs.wast:491: $assert_return_3 unexpectedly threw: WebAssemblyCompileError: Compiling wasm failed: function i32.no_fold_f32_u[1] at offset 4/6: Operator F32UConvertI32 NYI
float_exprs.wast:492: $assert_return_4 unexpectedly threw: WebAssemblyCompileError: Compiling wasm failed: function i32.no_fold_f32_u[1] at offset 4/6: Operator F32UConvertI32 NYI
float_exprs.wast:493: $assert_return_5 unexpectedly threw: WebAssemblyCompileError: Compiling wasm failed: function i32.no_fold_f32_u[1] at offset 4/6: Operator F32UConvertI32 NYI
float_exprs.wast:495: $assert_return_6 unexpectedly threw: WebAssemblyCompileError: Compiling wasm failed: function i64.no_fold_f64_s[2] at offset 4/6: Operator F64SConvertI64 NYI
float_exprs.wast:496: $assert_return_7 unexpectedly threw: WebAssemblyCompileError: Compiling wasm failed: function i64.no_fold_f64_s[2] at offset 4/6: Operator F64SConvertI64 NYI
float_exprs.wast:497: $assert_return_8 unexpectedly threw: WebAssemblyCompileError: Compiling wasm failed: function i64.no_fold_f64_s[2] at offset 4/6: Operator F64SConvertI64 NYI
float_exprs.wast:499: $assert_return_9 unexpectedly threw: WebAssemblyCompileError: Compiling wasm failed: function i64.no_fold_f64_u[3] at offset 4/6: Operator F64UConvertI64 NYI
float_exprs.wast:500: $assert_return_10 unexpectedly threw: WebAssemblyCompileError: Compiling wasm failed: function i64.no_fold_f64_u[3] at offset 4/6: Operator F64UConvertI64 NYI
float_exprs.wast:501: $assert_return_11 unexpectedly threw: WebAssemblyCompileError: Compiling wasm failed: function i64.no_fold_f64_u[3] at offset 4/6: Operator F64UConvertI64 NYI
float_exprs.wast:518: $assert_return_5 unexpectedly threw: WebAssemblyCompileError: Compiling wasm failed: function $assert_return_5[7] at offset 22/34: Operator I64ReinterpretF64 NYI
float_exprs.wast:519: $assert_return_6 unexpectedly threw: WebAssemblyCompileError: Compiling wasm failed: function $assert_return_6[8] at offset 22/34: Operator I64ReinterpretF64 NYI
float_exprs.wast:520: $assert_return_7 unexpectedly threw: WebAssemblyCompileError: Compiling wasm failed: function $assert_return_7[9] at offset 22/34: Operator I64ReinterpretF64 NYI
float_exprs.wast:521: $assert_return_8 unexpectedly threw: WebAssemblyCompileError: Compiling wasm failed: function $assert_return_8[10] at offset 22/34: Operator I64ReinterpretF64 NYI
float_exprs.wast:522: $assert_return_9 unexpectedly threw: WebAssemblyCompileError: Compiling wasm failed: function $assert_return_9[11] at offset 22/34: Operator I64ReinterpretF64 NYI
float_exprs.wast:539: $assert_return_5 unexpectedly threw: WebAssemblyCompileError: Compiling wasm failed: function $assert_return_5[7] at offset 22/34: Operator I64ReinterpretF64 NYI
float_exprs.wast:540: $assert_return_6 unexpectedly threw: WebAssemblyCompileError: Compiling wasm failed: function $assert_return_6[8] at offset 22/34: Operator I64ReinterpretF64 NYI
float_exprs.wast:541: $assert_return_7 unexpectedly threw: WebAssemblyCompileError: Compiling wasm failed: function $assert_return_7[9] at offset 22/34: Operator I64ReinterpretF64 NYI
float_exprs.wast:542: $assert_return_8 unexpectedly threw: WebAssemblyCompileError: Compiling wasm failed: function $assert_return_8[10] at offset 22/34: Operator I64ReinterpretF64 NYI
float_exprs.wast:543: $assert_return_9 unexpectedly threw: WebAssemblyCompileError: Compiling wasm failed: function $assert_return_9[11] at offset 22/34: Operator I64ReinterpretF64 NYI
float_exprs.wast:560: $assert_return_5 unexpectedly threw: WebAssemblyCompileError: Compiling wasm failed: function $assert_return_5[7] at offset 22/34: Operator I64ReinterpretF64 NYI
float_exprs.wast:561: $assert_return_6 unexpectedly threw: WebAssemblyCompileError: Compiling wasm failed: function $assert_return_6[8] at offset 22/34: Operator I64ReinterpretF64 NYI
float_exprs.wast:562: $assert_return_7 unexpectedly threw: WebAssemblyCompileError: Compiling wasm failed: function $assert_return_7[9] at offset 22/34: Operator I64ReinterpretF64 NYI
float_exprs.wast:563: $assert_return_8 unexpectedly threw: WebAssemblyCompileError: Compiling wasm failed: function $assert_return_8[10] at offset 22/34: Operator I64ReinterpretF64 NYI
float_exprs.wast:564: $assert_return_9 unexpectedly threw: WebAssemblyCompileError: Compiling wasm failed: function $assert_return_9[11] at offset 22/34: Operator I64ReinterpretF64 NYI
float_exprs.wast:581: $assert_return_5 unexpectedly threw: WebAssemblyCompileError: Compiling wasm failed: function $assert_return_5[7] at offset 22/34: Operator I64ReinterpretF64 NYI
float_exprs.wast:582: $assert_return_6 unexpectedly threw: WebAssemblyCompileError: Compiling wasm failed: function $assert_return_6[8] at offset 22/34: Operator I64ReinterpretF64 NYI
float_exprs.wast:583: $assert_return_7 unexpectedly threw: WebAssemblyCompileError: Compiling wasm failed: function $assert_return_7[9] at offset 22/34: Operator I64ReinterpretF64 NYI
float_exprs.wast:584: $assert_return_8 unexpectedly threw: WebAssemblyCompileError: Compiling wasm failed: function $assert_return_8[10] at offset 22/34: Operator I64ReinterpretF64 NYI
float_exprs.wast:585: $assert_return_9 unexpectedly threw: WebAssemblyCompileError: Compiling wasm failed: function $assert_return_9[11] at offset 22/34: Operator I64ReinterpretF64 NYI
float_exprs.wast:594: $assert_return_0 unexpectedly threw: WebAssemblyCompileError: Compiling wasm failed: function $assert_return_0[1] at offset 13/25: Operator I64ReinterpretF64 NYI
float_exprs.wast:595: $assert_return_1 unexpectedly threw: WebAssemblyCompileError: Compiling wasm failed: function $assert_return_1[2] at offset 13/25: Operator I64ReinterpretF64 NYI
float_exprs.wast:596: $assert_return_2 unexpectedly threw: WebAssemblyCompileError: Compiling wasm failed: function $assert_return_2[3] at offset 13/25: Operator I64ReinterpretF64 NYI
float_exprs.wast:597: $assert_return_3 unexpectedly threw: WebAssemblyCompileError: Compiling wasm failed: function $assert_return_3[4] at offset 13/25: Operator I64ReinterpretF64 NYI
float_exprs.wast:598: $assert_return_4 unexpectedly threw: WebAssemblyCompileError: Compiling wasm failed: function $assert_return_4[5] at offset 13/25: Operator I64ReinterpretF64 NYI
float_exprs.wast:697: $assert_return_2 unexpectedly threw: WebAssemblyCompileError: Compiling wasm failed: function f32.i32.no_fold_trunc_s_convert_u[2] at offset 5/6: Operator F32UConvertI32 NYI
float_exprs.wast:698: $assert_return_3 unexpectedly threw: WebAssemblyCompileError: Compiling wasm failed: function f32.i32.no_fold_trunc_s_convert_u[2] at offset 5/6: Operator F32UConvertI32 NYI
float_exprs.wast:699: $assert_return_4 unexpectedly threw: WebAssemblyCompileError: Compiling wasm failed: function f32.i32.no_fold_trunc_u_convert_u[3] at offset 5/6: Operator F32UConvertI32 NYI
float_exprs.wast:700: $assert_return_5 unexpectedly threw: WebAssemblyCompileError: Compiling wasm failed: function f32.i32.no_fold_trunc_u_convert_u[3] at offset 5/6: Operator F32UConvertI32 NYI
float_exprs.wast:702: $assert_return_6 unexpectedly threw: WebAssemblyCompileError: Compiling wasm failed: function $assert_return_6[22] at offset 13/25: Operator I64ReinterpretF64 NYI
float_exprs.wast:703: $assert_return_7 unexpectedly threw: WebAssemblyCompileError: Compiling wasm failed: function $assert_return_7[23] at offset 13/25: Operator I64ReinterpretF64 NYI
float_exprs.wast:704: $assert_return_8 unexpectedly threw: WebAssemblyCompileError: Compiling wasm failed: function $assert_return_8[24] at offset 13/25: Operator I64ReinterpretF64 NYI
float_exprs.wast:705: $assert_return_9 unexpectedly threw: WebAssemblyCompileError: Compiling wasm failed: function $assert_return_9[25] at offset 13/25: Operator I64ReinterpretF64 NYI
float_exprs.wast:706: $assert_return_10 unexpectedly threw: WebAssemblyCompileError: Compiling wasm failed: function $assert_return_10[26] at offset 13/25: Operator I64ReinterpretF64 NYI
float_exprs.wast:707: $assert_return_11 unexpectedly threw: WebAssemblyCompileError: Compiling wasm failed: function $assert_return_11[27] at offset 13/25: Operator I64ReinterpretF64 NYI
float_exprs.wast:708: $assert_return_12 unexpectedly threw: WebAssemblyCompileError: Compiling wasm failed: function $assert_return_12[28] at offset 13/25: Operator I64ReinterpretF64 NYI
float_exprs.wast:709: $assert_return_13 unexpectedly threw: WebAssemblyCompileError: Compiling wasm failed: function $assert_return_13[29] at offset 13/25: Operator I64ReinterpretF64 NYI
float_exprs.wast:711: $assert_return_14 unexpectedly threw: WebAssemblyCompileError: Compiling wasm failed: function f32.i64.no_fold_trunc_s_convert_s[8] at offset 5/6: Operator F32SConvertI64 NYI
float_exprs.wast:712: $assert_return_15 unexpectedly threw: WebAssemblyCompileError: Compiling wasm failed: function f32.i64.no_fold_trunc_s_convert_s[8] at offset 5/6: Operator F32SConvertI64 NYI
float_exprs.wast:713: $assert_return_16 unexpectedly threw: WebAssemblyCompileError: Compiling wasm failed: function f32.i64.no_fold_trunc_u_convert_s[9] at offset 5/6: Operator F32SConvertI64 NYI
float_exprs.wast:714: $assert_return_17 unexpectedly threw: WebAssemblyCompileError: Compiling wasm failed: function f32.i64.no_fold_trunc_u_convert_s[9] at offset 5/6: Operator F32SConvertI64 NYI
float_exprs.wast:715: $assert_return_18 unexpectedly threw: WebAssemblyCompileError: Compiling wasm failed: function f32.i64.no_fold_trunc_s_convert_u[10] at offset 5/6: Operator F32UConvertI64 NYI
float_exprs.wast:716: $assert_return_19 unexpectedly threw: WebAssemblyCompileError: Compiling wasm failed: function f32.i64.no_fold_trunc_s_convert_u[10] at offset 5/6: Operator F32UConvertI64 NYI
float_exprs.wast:717: $assert_return_20 unexpectedly threw: WebAssemblyCompileError: Compiling wasm failed: function f32.i64.no_fold_trunc_u_convert_u[11] at offset 5/6: Operator F32UConvertI64 NYI
float_exprs.wast:718: $assert_return_21 unexpectedly threw: WebAssemblyCompileError: Compiling wasm failed: function f32.i64.no_fold_trunc_u_convert_u[11] at offset 5/6: Operator F32UConvertI64 NYI
float_exprs.wast:720: $assert_return_22 unexpectedly threw: WebAssemblyCompileError: Compiling wasm failed: function $assert_return_22[38] at offset 13/25: Operator I64ReinterpretF64 NYI
float_exprs.wast:721: $assert_return_23 unexpectedly threw: WebAssemblyCompileError: Compiling wasm failed: function $assert_return_23[39] at offset 13/25: Operator I64ReinterpretF64 NYI
float_exprs.wast:722: $assert_return_24 unexpectedly threw: WebAssemblyCompileError: Compiling wasm failed: function $assert_return_24[40] at offset 13/25: Operator I64ReinterpretF64 NYI
float_exprs.wast:723: $assert_return_25 unexpectedly threw: WebAssemblyCompileError: Compiling wasm failed: function $assert_return_25[41] at offset 13/25: Operator I64ReinterpretF64 NYI
float_exprs.wast:724: $assert_return_26 unexpectedly threw: WebAssemblyCompileError: Compiling wasm failed: function $assert_return_26[42] at offset 13/25: Operator I64ReinterpretF64 NYI
float_exprs.wast:725: $assert_return_27 unexpectedly threw: WebAssemblyCompileError: Compiling wasm failed: function $assert_return_27[43] at offset 13/25: Operator I64ReinterpretF64 NYI
float_exprs.wast:726: $assert_return_28 unexpectedly threw: WebAssemblyCompileError: Compiling wasm failed: function $assert_return_28[44] at offset 13/25: Operator I64ReinterpretF64 NYI
float_exprs.wast:727: $assert_return_29 unexpectedly threw: WebAssemblyCompileError: Compiling wasm failed: function $assert_return_29[45] at offset 13/25: Operator I64ReinterpretF64 NYI
$action_0 = undefined
$action_1 = undefined
$action_2 = undefined
$action_3 = undefined
$action_8 = undefined
$action_0 = undefined
$action_1 = undefined
$action_2 = undefined
$action_3 = undefined
float_exprs.wast:793: $assert_return_4 unexpectedly threw: WebAssemblyCompileError: Compiling wasm failed: function $assert_return_4[7] at offset 6/18: Operator I64ReinterpretF64 NYI
float_exprs.wast:794: $assert_return_5 unexpectedly threw: WebAssemblyCompileError: Compiling wasm failed: function $assert_return_5[8] at offset 6/18: Operator I64ReinterpretF64 NYI
float_exprs.wast:795: $assert_return_6 unexpectedly threw: WebAssemblyCompileError: Compiling wasm failed: function $assert_return_6[9] at offset 6/18: Operator I64ReinterpretF64 NYI
float_exprs.wast:796: $assert_return_7 unexpectedly threw: WebAssemblyCompileError: Compiling wasm failed: function $assert_return_7[10] at offset 6/18: Operator I64ReinterpretF64 NYI
$action_8 = undefined
float_exprs.wast:798: $assert_return_9 unexpectedly threw: WebAssemblyCompileError: Compiling wasm failed: function $assert_return_9[12] at offset 6/18: Operator I64ReinterpretF64 NYI
float_exprs.wast:799: $assert_return_10 unexpectedly threw: WebAssemblyCompileError: Compiling wasm failed: function $assert_return_10[13] at offset 6/18: Operator I64ReinterpretF64 NYI
float_exprs.wast:800: $assert_return_11 unexpectedly threw: WebAssemblyCompileError: Compiling wasm failed: function $assert_return_11[14] at offset 6/18: Operator I64ReinterpretF64 NYI
float_exprs.wast:801: $assert_return_12 unexpectedly threw: WebAssemblyCompileError: Compiling wasm failed: function $assert_return_12[15] at offset 6/18: Operator I64ReinterpretF64 NYI
float_exprs.wast:880: $assert_return_16 unexpectedly threw: WebAssemblyCompileError: Compiling wasm failed: function $assert_return_16[24] at offset 22/34: Operator I64ReinterpretF64 NYI
float_exprs.wast:881: $assert_return_17 unexpectedly threw: WebAssemblyCompileError: Compiling wasm failed: function $assert_return_17[25] at offset 22/34: Operator I64ReinterpretF64 NYI
float_exprs.wast:882: $assert_return_18 unexpectedly threw: WebAssemblyCompileError: Compiling wasm failed: function $assert_return_18[26] at offset 22/34: Operator I64ReinterpretF64 NYI
float_exprs.wast:883: $assert_return_19 unexpectedly threw: WebAssemblyCompileError: Compiling wasm failed: function $assert_return_19[27] at offset 22/34: Operator I64ReinterpretF64 NYI
float_exprs.wast:884: $assert_return_20 unexpectedly threw: WebAssemblyCompileError: Compiling wasm failed: function $assert_return_20[28] at offset 22/34: Operator I64ReinterpretF64 NYI
float_exprs.wast:885: $assert_return_21 unexpectedly threw: WebAssemblyCompileError: Compiling wasm failed: function $assert_return_21[29] at offset 22/34: Operator I64ReinterpretF64 NYI
float_exprs.wast:886: $assert_return_22 unexpectedly threw: WebAssemblyCompileError: Compiling wasm failed: function $assert_return_22[30] at offset 22/34: Operator I64ReinterpretF64 NYI
float_exprs.wast:887: $assert_return_23 unexpectedly threw: WebAssemblyCompileError: Compiling wasm failed: function $assert_return_23[31] at offset 22/34: Operator I64ReinterpretF64 NYI
float_exprs.wast:888: $assert_return_24 unexpectedly threw: WebAssemblyCompileError: Compiling wasm failed: function $assert_return_24[32] at offset 22/34: Operator I64ReinterpretF64 NYI
float_exprs.wast:889: $assert_return_25 unexpectedly threw: WebAssemblyCompileError: Compiling wasm failed: function $assert_return_25[33] at offset 22/34: Operator I64ReinterpretF64 NYI
float_exprs.wast:890: $assert_return_26 unexpectedly threw: WebAssemblyCompileError: Compiling wasm failed: function $assert_return_26[34] at offset 22/34: Operator I64ReinterpretF64 NYI
float_exprs.wast:891: $assert_return_27 unexpectedly threw: WebAssemblyCompileError: Compiling wasm failed: function $assert_return_27[35] at offset 22/34: Operator I64ReinterpretF64 NYI
float_exprs.wast:892: $assert_return_28 unexpectedly threw: WebAssemblyCompileError: Compiling wasm failed: function $assert_return_28[36] at offset 22/34: Operator I64ReinterpretF64 NYI
float_exprs.wast:893: $assert_return_29 unexpectedly threw: WebAssemblyCompileError: Compiling wasm failed: function $assert_return_29[37] at offset 22/34: Operator I64ReinterpretF64 NYI
float_exprs.wast:894: $assert_return_30 unexpectedly threw: WebAssemblyCompileError: Compiling wasm failed: function $assert_return_30[38] at offset 22/34: Operator I64ReinterpretF64 NYI
float_exprs.wast:895: $assert_return_31 unexpectedly threw: WebAssemblyCompileError: Compiling wasm failed: function $assert_return_31[39] at offset 22/34: Operator I64ReinterpretF64 NYI
float_exprs.wast:927: $assert_return_16 unexpectedly threw: WebAssemblyCompileError: Compiling wasm failed: function $assert_return_16[24] at offset 22/34: Operator I64ReinterpretF64 NYI
float_exprs.wast:928: $assert_return_17 unexpectedly threw: WebAssemblyCompileError: Compiling wasm failed: function $assert_return_17[25] at offset 22/34: Operator I64ReinterpretF64 NYI
float_exprs.wast:929: $assert_return_18 unexpectedly threw: WebAssemblyCompileError: Compiling wasm failed: function $assert_return_18[26] at offset 22/34: Operator I64ReinterpretF64 NYI
float_exprs.wast:930: $assert_return_19 unexpectedly threw: WebAssemblyCompileError: Compiling wasm failed: function $assert_return_19[27] at offset 22/34: Operator I64ReinterpretF64 NYI
float_exprs.wast:931: $assert_return_20 unexpectedly threw: WebAssemblyCompileError: Compiling wasm failed: function $assert_return_20[28] at offset 22/34: Operator I64ReinterpretF64 NYI
float_exprs.wast:932: $assert_return_21 unexpectedly threw: WebAssemblyCompileError: Compiling wasm failed: function $assert_return_21[29] at offset 22/34: Operator I64ReinterpretF64 NYI
float_exprs.wast:933: $assert_return_22 unexpectedly threw: WebAssemblyCompileError: Compiling wasm failed: function $assert_return_22[30] at offset 22/34: Operator I64ReinterpretF64 NYI
float_exprs.wast:934: $assert_return_23 unexpectedly threw: WebAssemblyCompileError: Compiling wasm failed: function $assert_return_23[31] at offset 22/34: Operator I64ReinterpretF64 NYI
float_exprs.wast:935: $assert_return_24 unexpectedly threw: WebAssemblyCompileError: Compiling wasm failed: function $assert_return_24[32] at offset 22/34: Operator I64ReinterpretF64 NYI
float_exprs.wast:936: $assert_return_25 unexpectedly threw: WebAssemblyCompileError: Compiling wasm failed: function $assert_return_25[33] at offset 22/34: Operator I64ReinterpretF64 NYI
float_exprs.wast:937: $assert_return_26 unexpectedly threw: WebAssemblyCompileError: Compiling wasm failed: function $assert_return_26[34] at offset 22/34: Operator I64ReinterpretF64 NYI
float_exprs.wast:938: $assert_return_27 unexpectedly threw: WebAssemblyCompileError: Compiling wasm failed: function $assert_return_27[35] at offset 22/34: Operator I64ReinterpretF64 NYI
float_exprs.wast:939: $assert_return_28 unexpectedly threw: WebAssemblyCompileError: Compiling wasm failed: function $assert_return_28[36] at offset 22/34: Operator I64ReinterpretF64 NYI
float_exprs.wast:940: $assert_return_29 unexpectedly threw: WebAssemblyCompileError: Compiling wasm failed: function $assert_return_29[37] at offset 22/34: Operator I64ReinterpretF64 NYI
float_exprs.wast:941: $assert_return_30 unexpectedly threw: WebAssemblyCompileError: Compiling wasm failed: function $assert_return_30[38] at offset 22/34: Operator I64ReinterpretF64 NYI
float_exprs.wast:942: $assert_return_31 unexpectedly threw: WebAssemblyCompileError: Compiling wasm failed: function $assert_return_31[39] at offset 22/34: Operator I64ReinterpretF64 NYI
float_exprs.wast:974: $assert_return_16 unexpectedly threw: WebAssemblyCompileError: Compiling wasm failed: function $assert_return_16[24] at offset 13/25: Operator I64ReinterpretF64 NYI
float_exprs.wast:975: $assert_return_17 unexpectedly threw: WebAssemblyCompileError: Compiling wasm failed: function $assert_return_17[25] at offset 13/25: Operator I64ReinterpretF64 NYI
float_exprs.wast:976: $assert_return_18 unexpectedly threw: WebAssemblyCompileError: Compiling wasm failed: function $assert_return_18[26] at offset 13/25: Operator I64ReinterpretF64 NYI
float_exprs.wast:977: $assert_return_19 unexpectedly threw: WebAssemblyCompileError: Compiling wasm failed: function $assert_return_19[27] at offset 13/25: Operator I64ReinterpretF64 NYI
float_exprs.wast:978: $assert_return_20 unexpectedly threw: WebAssemblyCompileError: Compiling wasm failed: function $assert_return_20[28] at offset 13/25: Operator I64ReinterpretF64 NYI
float_exprs.wast:979: $assert_return_21 unexpectedly threw: WebAssemblyCompileError: Compiling wasm failed: function $assert_return_21[29] at offset 13/25: Operator I64ReinterpretF64 NYI
float_exprs.wast:980: $assert_return_22 unexpectedly threw: WebAssemblyCompileError: Compiling wasm failed: function $assert_return_22[30] at offset 13/25: Operator I64ReinterpretF64 NYI
float_exprs.wast:981: $assert_return_23 unexpectedly threw: WebAssemblyCompileError: Compiling wasm failed: function $assert_return_23[31] at offset 13/25: Operator I64ReinterpretF64 NYI
float_exprs.wast:982: $assert_return_24 unexpectedly threw: WebAssemblyCompileError: Compiling wasm failed: function $assert_return_24[32] at offset 13/25: Operator I64ReinterpretF64 NYI
float_exprs.wast:983: $assert_return_25 unexpectedly threw: WebAssemblyCompileError: Compiling wasm failed: function $assert_return_25[33] at offset 13/25: Operator I64ReinterpretF64 NYI
float_exprs.wast:984: $assert_return_26 unexpectedly threw: WebAssemblyCompileError: Compiling wasm failed: function $assert_return_26[34] at offset 13/25: Operator I64ReinterpretF64 NYI
float_exprs.wast:985: $assert_return_27 unexpectedly threw: WebAssemblyCompileError: Compiling wasm failed: function $assert_return_27[35] at offset 13/25: Operator I64ReinterpretF64 NYI
float_exprs.wast:986: $assert_return_28 unexpectedly threw: WebAssemblyCompileError: Compiling wasm failed: function $assert_return_28[36] at offset 13/25: Operator I64ReinterpretF64 NYI
float_exprs.wast:987: $assert_return_29 unexpectedly threw: WebAssemblyCompileError: Compiling wasm failed: function $assert_return_29[37] at offset 13/25: Operator I64ReinterpretF64 NYI
float_exprs.wast:988: $assert_return_30 unexpectedly threw: WebAssemblyCompileError: Compiling wasm failed: function $assert_return_30[38] at offset 13/25: Operator I64ReinterpretF64 NYI
float_exprs.wast:989: $assert_return_31 unexpectedly threw: WebAssemblyCompileError: Compiling wasm failed: function $assert_return_31[39] at offset 13/25: Operator I64ReinterpretF64 NYI
float_exprs.wast:1021: $assert_return_16 unexpectedly threw: WebAssemblyCompileError: Compiling wasm failed: function $assert_return_16[24] at offset 13/25: Operator I64ReinterpretF64 NYI
float_exprs.wast:1022: $assert_return_17 unexpectedly threw: WebAssemblyCompileError: Compiling wasm failed: function $assert_return_17[25] at offset 13/25: Operator I64ReinterpretF64 NYI
float_exprs.wast:1023: $assert_return_18 unexpectedly threw: WebAssemblyCompileError: Compiling wasm failed: function $assert_return_18[26] at offset 13/25: Operator I64ReinterpretF64 NYI
float_exprs.wast:1024: $assert_return_19 unexpectedly threw: WebAssemblyCompileError: Compiling wasm failed: function $assert_return_19[27] at offset 13/25: Operator I64ReinterpretF64 NYI
float_exprs.wast:1025: $assert_return_20 unexpectedly threw: WebAssemblyCompileError: Compiling wasm failed: function $assert_return_20[28] at offset 13/25: Operator I64ReinterpretF64 NYI
float_exprs.wast:1026: $assert_return_21 unexpectedly threw: WebAssemblyCompileError: Compiling wasm failed: function $assert_return_21[29] at offset 13/25: Operator I64ReinterpretF64 NYI
float_exprs.wast:1027: $assert_return_22 unexpectedly threw: WebAssemblyCompileError: Compiling wasm failed: function $assert_return_22[30] at offset 13/25: Operator I64ReinterpretF64 NYI
float_exprs.wast:1028: $assert_return_23 unexpectedly threw: WebAssemblyCompileError: Compiling wasm failed: function $assert_return_23[31] at offset 13/25: Operator I64ReinterpretF64 NYI
float_exprs.wast:1029: $assert_return_24 unexpectedly threw: WebAssemblyCompileError: Compiling wasm failed: function $assert_return_24[32] at offset 13/25: Operator I64ReinterpretF64 NYI
float_exprs.wast:1030: $assert_return_25 unexpectedly threw: WebAssemblyCompileError: Compiling wasm failed: function $assert_return_25[33] at offset 13/25: Operator I64ReinterpretF64 NYI
float_exprs.wast:1031: $assert_return_26 unexpectedly threw: WebAssemblyCompileError: Compiling wasm failed: function $assert_return_26[34] at offset 13/25: Operator I64ReinterpretF64 NYI
float_exprs.wast:1032: $assert_return_27 unexpectedly threw: WebAssemblyCompileError: Compiling wasm failed: function $assert_return_27[35] at offset 13/25: Operator I64ReinterpretF64 NYI
float_exprs.wast:1033: $assert_return_28 unexpectedly threw: WebAssemblyCompileError: Compiling wasm failed: function $assert_return_28[36] at offset 13/25: Operator I64ReinterpretF64 NYI
float_exprs.wast:1034: $assert_return_29 unexpectedly threw: WebAssemblyCompileError: Compiling wasm failed: function $assert_return_29[37] at offset 13/25: Operator I64ReinterpretF64 NYI
float_exprs.wast:1035: $assert_return_30 unexpectedly threw: WebAssemblyCompileError: Compiling wasm failed: function $assert_return_30[38] at offset 13/25: Operator I64ReinterpretF64 NYI
float_exprs.wast:1036: $assert_return_31 unexpectedly threw: WebAssemblyCompileError: Compiling wasm failed: function $assert_return_31[39] at offset 13/25: Operator I64ReinterpretF64 NYI
float_exprs.wast:1055: $assert_return_0 unexpectedly threw: WebAssemblyCompileError: Compiling wasm failed: function $assert_return_0[1] at offset 4/16: Operator I64ReinterpretF64 NYI
float_exprs.wast:1096: $assert_return_0 unexpectedly threw: WebAssemblyCompileError: Compiling wasm failed: function $assert_return_0[1] at offset 4/16: Operator I64ReinterpretF64 NYI
float_exprs.wast:1154: $assert_return_0 unexpectedly threw: WebAssemblyCompileError: Compiling wasm failed: function $assert_return_0[3] at offset 40/52: Operator I64ReinterpretF64 NYI
float_exprs.wast:1155: $assert_return_1 unexpectedly threw: WebAssemblyCompileError: Compiling wasm failed: function $assert_return_1[4] at offset 31/43: Operator I64ReinterpretF64 NYI
float_exprs.wast:1183: $assert_return_1 unexpectedly threw: WebAssemblyCompileError: Compiling wasm failed: function $assert_return_1[3] at offset 13/25: Operator I64ReinterpretF64 NYI
float_exprs.wast:1206: $assert_return_9 unexpectedly threw: WebAssemblyCompileError: Compiling wasm failed: function $assert_return_9[11] at offset 13/25: Operator I64ReinterpretF64 NYI
float_exprs.wast:1207: $assert_return_10 unexpectedly threw: WebAssemblyCompileError: Compiling wasm failed: function $assert_return_10[12] at offset 13/25: Operator I64ReinterpretF64 NYI
float_exprs.wast:1208: $assert_return_11 unexpectedly threw: WebAssemblyCompileError: Compiling wasm failed: function $assert_return_11[13] at offset 13/25: Operator I64ReinterpretF64 NYI
float_exprs.wast:1209: $assert_return_12 unexpectedly threw: WebAssemblyCompileError: Compiling wasm failed: function $assert_return_12[14] at offset 13/25: Operator I64ReinterpretF64 NYI
float_exprs.wast:1210: $assert_return_13 unexpectedly threw: WebAssemblyCompileError: Compiling wasm failed: function $assert_return_13[15] at offset 13/25: Operator I64ReinterpretF64 NYI
float_exprs.wast:1212: $assert_return_14 unexpectedly threw: WebAssemblyCompileError: Compiling wasm failed: function $assert_return_14[16] at offset 13/25: Operator I64ReinterpretF64 NYI
float_exprs.wast:1213: $assert_return_15 unexpectedly threw: WebAssemblyCompileError: Compiling wasm failed: function $assert_return_15[17] at offset 13/25: Operator I64ReinterpretF64 NYI
float_exprs.wast:1214: $assert_return_16 unexpectedly threw: WebAssemblyCompileError: Compiling wasm failed: function $assert_return_16[18] at offset 13/25: Operator I64ReinterpretF64 NYI
float_exprs.wast:1215: $assert_return_17 unexpectedly threw: WebAssemblyCompileError: Compiling wasm failed: function $assert_return_17[19] at offset 13/25: Operator I64ReinterpretF64 NYI
float_exprs.wast:1235: $assert_return_5 unexpectedly threw: WebAssemblyCompileError: Compiling wasm failed: function $assert_return_5[7] at offset 22/34: Operator I64ReinterpretF64 NYI
float_exprs.wast:1236: $assert_return_6 unexpectedly threw: WebAssemblyCompileError: Compiling wasm failed: function $assert_return_6[8] at offset 22/34: Operator I64ReinterpretF64 NYI
float_exprs.wast:1237: $assert_return_7 unexpectedly threw: WebAssemblyCompileError: Compiling wasm failed: function $assert_return_7[9] at offset 22/34: Operator I64ReinterpretF64 NYI
float_exprs.wast:1238: $assert_return_8 unexpectedly threw: WebAssemblyCompileError: Compiling wasm failed: function $assert_return_8[10] at offset 22/34: Operator I64ReinterpretF64 NYI
float_exprs.wast:1239: $assert_return_9 unexpectedly threw: WebAssemblyCompileError: Compiling wasm failed: function $assert_return_9[11] at offset 22/34: Operator I64ReinterpretF64 NYI
float_exprs.wast:1259: $assert_return_5 unexpectedly threw: WebAssemblyCompileError: Compiling wasm failed: function $assert_return_5[7] at offset 22/34: Operator I64ReinterpretF64 NYI
float_exprs.wast:1260: $assert_return_6 unexpectedly threw: WebAssemblyCompileError: Compiling wasm failed: function $assert_return_6[8] at offset 22/34: Operator I64ReinterpretF64 NYI
float_exprs.wast:1261: $assert_return_7 unexpectedly threw: WebAssemblyCompileError: Compiling wasm failed: function $assert_return_7[9] at offset 22/34: Operator I64ReinterpretF64 NYI
float_exprs.wast:1262: $assert_return_8 unexpectedly threw: WebAssemblyCompileError: Compiling wasm failed: function $assert_return_8[10] at offset 22/34: Operator I64ReinterpretF64 NYI
float_exprs.wast:1263: $assert_return_9 unexpectedly threw: WebAssemblyCompileError: Compiling wasm failed: function $assert_return_9[11] at offset 22/34: Operator I64ReinterpretF64 NYI
float_exprs.wast:1410: $assert_return_0 unexpectedly threw: WebAssemblyCompileError: Compiling wasm failed: function $assert_return_0[2] at offset 9/21: Operator I64ReinterpretF64 NYI
float_exprs.wast:1411: $assert_return_1 unexpectedly threw: WebAssemblyCompileError: Compiling wasm failed: function $assert_return_1[3] at offset 9/21: Operator I64ReinterpretF64 NYI
float_exprs.wast:1428: $assert_return_4 unexpectedly threw: WebAssemblyCompileError: Compiling wasm failed: function $assert_return_4[6] at offset 22/34: Operator I64ReinterpretF64 NYI
float_exprs.wast:1429: $assert_return_5 unexpectedly threw: WebAssemblyCompileError: Compiling wasm failed: function $assert_return_5[7] at offset 22/34: Operator I64ReinterpretF64 NYI
float_exprs.wast:1430: $assert_return_6 unexpectedly threw: WebAssemblyCompileError: Compiling wasm failed: function $assert_return_6[8] at offset 22/34: Operator I64ReinterpretF64 NYI
float_exprs.wast:1431: $assert_return_7 unexpectedly threw: WebAssemblyCompileError: Compiling wasm failed: function $assert_return_7[9] at offset 22/34: Operator I64ReinterpretF64 NYI
float_exprs.wast:1448: $assert_return_4 unexpectedly threw: WebAssemblyCompileError: Compiling wasm failed: function $assert_return_4[6] at offset 13/25: Operator I64ReinterpretF64 NYI
float_exprs.wast:1449: $assert_return_5 unexpectedly threw: WebAssemblyCompileError: Compiling wasm failed: function $assert_return_5[7] at offset 13/25: Operator I64ReinterpretF64 NYI
float_exprs.wast:1475: $assert_return_5 unexpectedly threw: WebAssemblyCompileError: Compiling wasm failed: function $assert_return_5[7] at offset 13/25: Operator I64ReinterpretF64 NYI
float_exprs.wast:1476: $assert_return_6 unexpectedly threw: WebAssemblyCompileError: Compiling wasm failed: function $assert_return_6[8] at offset 13/25: Operator I64ReinterpretF64 NYI
float_exprs.wast:1477: $assert_return_7 unexpectedly threw: WebAssemblyCompileError: Compiling wasm failed: function $assert_return_7[9] at offset 13/25: Operator I64ReinterpretF64 NYI
float_exprs.wast:1478: $assert_return_8 unexpectedly threw: WebAssemblyCompileError: Compiling wasm failed: function $assert_return_8[10] at offset 13/25: Operator I64ReinterpretF64 NYI
float_exprs.wast:1479: $assert_return_9 unexpectedly threw: WebAssemblyCompileError: Compiling wasm failed: function $assert_return_9[11] at offset 13/25: Operator I64ReinterpretF64 NYI
float_exprs.wast:1498: $assert_return_5 unexpectedly threw: WebAssemblyCompileError: Compiling wasm failed: function $assert_return_5[7] at offset 31/43: Operator I64ReinterpretF64 NYI
float_exprs.wast:1499: $assert_return_6 unexpectedly threw: WebAssemblyCompileError: Compiling wasm failed: function $assert_return_6[8] at offset 31/43: Operator I64ReinterpretF64 NYI
float_exprs.wast:1500: $assert_return_7 unexpectedly threw: WebAssemblyCompileError: Compiling wasm failed: function $assert_return_7[9] at offset 31/43: Operator I64ReinterpretF64 NYI
float_exprs.wast:1501: $assert_return_8 unexpectedly threw: WebAssemblyCompileError: Compiling wasm failed: function $assert_return_8[10] at offset 31/43: Operator I64ReinterpretF64 NYI
float_exprs.wast:1502: $assert_return_9 unexpectedly threw: WebAssemblyCompileError: Compiling wasm failed: function $assert_return_9[11] at offset 31/43: Operator I64ReinterpretF64 NYI
float_exprs.wast:1522: $assert_return_5 unexpectedly threw: WebAssemblyCompileError: Compiling wasm failed: function $assert_return_5[7] at offset 40/52: Operator I64ReinterpretF64 NYI
float_exprs.wast:1523: $assert_return_6 unexpectedly threw: WebAssemblyCompileError: Compiling wasm failed: function $assert_return_6[8] at offset 40/52: Operator I64ReinterpretF64 NYI
float_exprs.wast:1524: $assert_return_7 unexpectedly threw: WebAssemblyCompileError: Compiling wasm failed: function $assert_return_7[9] at offset 40/52: Operator I64ReinterpretF64 NYI
float_exprs.wast:1525: $assert_return_8 unexpectedly threw: WebAssemblyCompileError: Compiling wasm failed: function $assert_return_8[10] at offset 40/52: Operator I64ReinterpretF64 NYI
float_exprs.wast:1526: $assert_return_9 unexpectedly threw: WebAssemblyCompileError: Compiling wasm failed: function $assert_return_9[11] at offset 40/52: Operator I64ReinterpretF64 NYI
float_exprs.wast:1544: $assert_return_5 unexpectedly threw: WebAssemblyCompileError: Compiling wasm failed: function $assert_return_5[7] at offset 31/43: Operator I64ReinterpretF64 NYI
float_exprs.wast:1545: $assert_return_6 unexpectedly threw: WebAssemblyCompileError: Compiling wasm failed: function $assert_return_6[8] at offset 31/43: Operator I64ReinterpretF64 NYI
float_exprs.wast:1546: $assert_return_7 unexpectedly threw: WebAssemblyCompileError: Compiling wasm failed: function $assert_return_7[9] at offset 31/43: Operator I64ReinterpretF64 NYI
float_exprs.wast:1547: $assert_return_8 unexpectedly threw: WebAssemblyCompileError: Compiling wasm failed: function $assert_return_8[10] at offset 31/43: Operator I64ReinterpretF64 NYI
float_exprs.wast:1548: $assert_return_9 unexpectedly threw: WebAssemblyCompileError: Compiling wasm failed: function $assert_return_9[11] at offset 31/43: Operator I64ReinterpretF64 NYI
float_exprs.wast:1566: $assert_return_5 unexpectedly threw: WebAssemblyCompileError: Compiling wasm failed: function $assert_return_5[7] at offset 13/25: Operator I64ReinterpretF64 NYI
float_exprs.wast:1567: $assert_return_6 unexpectedly threw: WebAssemblyCompileError: Compiling wasm failed: function $assert_return_6[8] at offset 13/25: Operator I64ReinterpretF64 NYI
float_exprs.wast:1568: $assert_return_7 unexpectedly threw: WebAssemblyCompileError: Compiling wasm failed: function $assert_return_7[9] at offset 13/25: Operator I64ReinterpretF64 NYI
float_exprs.wast:1569: $assert_return_8 unexpectedly threw: WebAssemblyCompileError: Compiling wasm failed: function $assert_return_8[10] at offset 13/25: Operator I64ReinterpretF64 NYI
float_exprs.wast:1570: $assert_return_9 unexpectedly threw: WebAssemblyCompileError: Compiling wasm failed: function $assert_return_9[11] at offset 13/25: Operator I64ReinterpretF64 NYI
float_exprs.wast:1589: $assert_return_6 unexpectedly threw: WebAssemblyCompileError: Compiling wasm failed: function $assert_return_6[8] at offset 22/34: Operator I64ReinterpretF64 NYI
float_exprs.wast:1590: $assert_return_7 unexpectedly threw: WebAssemblyCompileError: Compiling wasm failed: function $assert_return_7[9] at offset 22/34: Operator I64ReinterpretF64 NYI
float_exprs.wast:1591: $assert_return_8 unexpectedly threw: WebAssemblyCompileError: Compiling wasm failed: function $assert_return_8[10] at offset 22/34: Operator I64ReinterpretF64 NYI
float_exprs.wast:1592: $assert_return_9 unexpectedly threw: WebAssemblyCompileError: Compiling wasm failed: function $assert_return_9[11] at offset 22/34: Operator I64ReinterpretF64 NYI
float_exprs.wast:1611: $assert_return_6 unexpectedly threw: WebAssemblyCompileError: Compiling wasm failed: function $assert_return_6[8] at offset 22/34: Operator I64ReinterpretF64 NYI
float_exprs.wast:1612: $assert_return_7 unexpectedly threw: WebAssemblyCompileError: Compiling wasm failed: function $assert_return_7[9] at offset 22/34: Operator I64ReinterpretF64 NYI
float_exprs.wast:1613: $assert_return_8 unexpectedly threw: WebAssemblyCompileError: Compiling wasm failed: function $assert_return_8[10] at offset 22/34: Operator I64ReinterpretF64 NYI
float_exprs.wast:1614: $assert_return_9 unexpectedly threw: WebAssemblyCompileError: Compiling wasm failed: function $assert_return_9[11] at offset 22/34: Operator I64ReinterpretF64 NYI
float_exprs.wast:1632: $assert_return_5 unexpectedly threw: WebAssemblyCompileError: Compiling wasm failed: function $assert_return_5[7] at offset 22/34: Operator I64ReinterpretF64 NYI
float_exprs.wast:1633: $assert_return_6 unexpectedly threw: WebAssemblyCompileError: Compiling wasm failed: function $assert_return_6[8] at offset 22/34: Operator I64ReinterpretF64 NYI
float_exprs.wast:1634: $assert_return_7 unexpectedly threw: WebAssemblyCompileError: Compiling wasm failed: function $assert_return_7[9] at offset 22/34: Operator I64ReinterpretF64 NYI
float_exprs.wast:1635: $assert_return_8 unexpectedly threw: WebAssemblyCompileError: Compiling wasm failed: function $assert_return_8[10] at offset 22/34: Operator I64ReinterpretF64 NYI
float_exprs.wast:1636: $assert_return_9 unexpectedly threw: WebAssemblyCompileError: Compiling wasm failed: function $assert_return_9[11] at offset 22/34: Operator I64ReinterpretF64 NYI
float_exprs.wast:1650: $assert_return_1 unexpectedly threw: WebAssemblyCompileError: Compiling wasm failed: function $assert_return_1[3] at offset 31/43: Operator I64ReinterpretF64 NYI
float_exprs.wast:1724: $assert_return_1 unexpectedly threw: WebAssemblyCompileError: Compiling wasm failed: function $assert_return_1[3] at offset 13/25: Operator I64ReinterpretF64 NYI
float_exprs.wast:1769: $assert_return_7 unexpectedly threw: WebAssemblyCompileError: Compiling wasm failed: function $assert_return_7[17] at offset 13/25: Operator I64ReinterpretF64 NYI
float_exprs.wast:1770: $assert_return_8 unexpectedly threw: WebAssemblyCompileError: Compiling wasm failed: function $assert_return_8[18] at offset 40/52: Operator I64ReinterpretF64 NYI
float_exprs.wast:1771: $assert_return_9 unexpectedly threw: WebAssemblyCompileError: Compiling wasm failed: function $assert_return_9[19] at offset 13/25: Operator I64ReinterpretF64 NYI
float_exprs.wast:1772: $assert_return_10 unexpectedly threw: WebAssemblyCompileError: Compiling wasm failed: function $assert_return_10[20] at offset 31/43: Operator I64ReinterpretF64 NYI
float_exprs.wast:1773: $assert_return_11 unexpectedly threw: WebAssemblyCompileError: Compiling wasm failed: function $assert_return_11[21] at offset 13/25: Operator I64ReinterpretF64 NYI
float_exprs.wast:1774: $assert_return_12 unexpectedly threw: WebAssemblyCompileError: Compiling wasm failed: function $assert_return_12[22] at offset 31/43: Operator I64ReinterpretF64 NYI
float_exprs.wast:1775: $assert_return_13 unexpectedly threw: WebAssemblyCompileError: Compiling wasm failed: function $assert_return_13[23] at offset 40/52: Operator I64ReinterpretF64 NYI
float_exprs.wast:1859: $assert_return_1 unexpectedly threw: WebAssemblyCompileError: Compiling wasm failed: function $assert_return_1[3] at offset 22/34: Operator I64ReinterpretF64 NYI
float_exprs.wast:1873: $assert_return_1 unexpectedly threw: WebAssemblyCompileError: Compiling wasm failed: function $assert_return_1[3] at offset 22/34: Operator I64ReinterpretF64 NYI
float_exprs.wast:1947: $assert_return_1 unexpectedly threw: WebAssemblyCompileError: Compiling wasm failed: function $assert_return_1[3] at offset 4/16: Operator I64ReinterpretF64 NYI
392/692 tests passed.
