i64.wast:35: $assert_return_0 unexpectedly threw: Error: Compiling wasm failed: function $assert_return_0[29] at offset 3/11: Operator I64Const NYI
i64.wast:36: $assert_return_1 unexpectedly threw: Error: Compiling wasm failed: function $assert_return_1[30] at offset 3/11: Operator I64Const NYI
i64.wast:37: $assert_return_2 unexpectedly threw: Error: Compiling wasm failed: function $assert_return_2[31] at offset 3/11: Operator I64Const NYI
i64.wast:38: $assert_return_3 unexpectedly threw: Error: Compiling wasm failed: function $assert_return_3[32] at offset 3/11: Operator I64Const NYI
i64.wast:39: $assert_return_4 unexpectedly threw: Error: Compiling wasm failed: function $assert_return_4[33] at offset 7/29: Invalid LEB128 format
i64.wast:40: $assert_return_5 unexpectedly threw: Error: Compiling wasm failed: function $assert_return_5[34] at offset 7/29: Invalid LEB128 format
i64.wast:41: $assert_return_6 unexpectedly threw: Error: Compiling wasm failed: function $assert_return_6[35] at offset 7/29: Invalid LEB128 format
i64.wast:42: $assert_return_7 unexpectedly threw: Error: Compiling wasm failed: function $assert_return_7[36] at offset 7/19: Operator I64Const NYI
i64.wast:44: $assert_return_8 unexpectedly threw: Error: Compiling wasm failed: function $assert_return_8[37] at offset 3/11: Operator I64Const NYI
i64.wast:45: $assert_return_9 unexpectedly threw: Error: Compiling wasm failed: function $assert_return_9[38] at offset 3/11: Operator I64Const NYI
i64.wast:46: $assert_return_10 unexpectedly threw: Error: Compiling wasm failed: function $assert_return_10[39] at offset 3/11: Operator I64Const NYI
i64.wast:47: $assert_return_11 unexpectedly threw: Error: Compiling wasm failed: function $assert_return_11[40] at offset 7/29: Invalid LEB128 format
i64.wast:48: $assert_return_12 unexpectedly threw: Error: Compiling wasm failed: function $assert_return_12[41] at offset 7/29: Invalid LEB128 format
i64.wast:49: $assert_return_13 unexpectedly threw: Error: Compiling wasm failed: function $assert_return_13[42] at offset 7/29: Invalid LEB128 format
i64.wast:50: $assert_return_14 unexpectedly threw: Error: Compiling wasm failed: function $assert_return_14[43] at offset 7/19: Operator I64Const NYI
i64.wast:52: $assert_return_15 unexpectedly threw: Error: Compiling wasm failed: function $assert_return_15[44] at offset 3/11: Operator I64Const NYI
i64.wast:53: $assert_return_16 unexpectedly threw: Error: Compiling wasm failed: function $assert_return_16[45] at offset 3/11: Operator I64Const NYI
i64.wast:54: $assert_return_17 unexpectedly threw: Error: Compiling wasm failed: function $assert_return_17[46] at offset 3/11: Operator I64Const NYI
i64.wast:55: $assert_return_18 unexpectedly threw: Error: Compiling wasm failed: function $assert_return_18[47] at offset 7/20: Invalid LEB128 format
i64.wast:56: $assert_return_19 unexpectedly threw: Error: Compiling wasm failed: function $assert_return_19[48] at offset 7/20: Invalid LEB128 format
i64.wast:57: $assert_return_20 unexpectedly threw: Error: Compiling wasm failed: function $assert_return_20[49] at offset 7/29: Invalid LEB128 format
i64.wast:58: $assert_return_21 unexpectedly threw: Error: Compiling wasm failed: function $assert_return_21[50] at offset 7/29: Invalid LEB128 format
i64.wast:59: $assert_return_22 unexpectedly threw: Error: Compiling wasm failed: function $assert_return_22[51] at offset 7/35: Invalid LEB128 format
i64.wast:61: $assert_trap_23 failed, runtime trap NYI
i64.wast:62: $assert_trap_24 failed, runtime trap NYI
i64.wast:63: $assert_trap_25 failed, runtime trap NYI
i64.wast:64: $assert_return_26 unexpectedly threw: Error: Compiling wasm failed: function $assert_return_26[55] at offset 3/11: Operator I64Const NYI
i64.wast:65: $assert_return_27 unexpectedly threw: Error: Compiling wasm failed: function $assert_return_27[56] at offset 3/11: Operator I64Const NYI
i64.wast:66: $assert_return_28 unexpectedly threw: Error: Compiling wasm failed: function $assert_return_28[57] at offset 3/11: Operator I64Const NYI
i64.wast:67: $assert_return_29 unexpectedly threw: Error: Compiling wasm failed: function $assert_return_29[58] at offset 7/28: Invalid LEB128 format
i64.wast:68: $assert_return_30 unexpectedly threw: Error: Compiling wasm failed: function $assert_return_30[59] at offset 7/28: Invalid LEB128 format
i64.wast:69: $assert_return_31 unexpectedly threw: Error: Compiling wasm failed: function $assert_return_31[60] at offset 3/11: Operator I64Const NYI
i64.wast:70: $assert_return_32 unexpectedly threw: Error: Compiling wasm failed: function $assert_return_32[61] at offset 3/11: Operator I64Const NYI
i64.wast:71: $assert_return_33 unexpectedly threw: Error: Compiling wasm failed: function $assert_return_33[62] at offset 3/11: Operator I64Const NYI
i64.wast:72: $assert_return_34 unexpectedly threw: Error: Compiling wasm failed: function $assert_return_34[63] at offset 3/11: Operator I64Const NYI
i64.wast:73: $assert_return_35 unexpectedly threw: Error: Compiling wasm failed: function $assert_return_35[64] at offset 3/11: Operator I64Const NYI
i64.wast:74: $assert_return_36 unexpectedly threw: Error: Compiling wasm failed: function $assert_return_36[65] at offset 3/11: Operator I64Const NYI
i64.wast:75: $assert_return_37 unexpectedly threw: Error: Compiling wasm failed: function $assert_return_37[66] at offset 3/11: Operator I64Const NYI
i64.wast:76: $assert_return_38 unexpectedly threw: Error: Compiling wasm failed: function $assert_return_38[67] at offset 3/11: Operator I64Const NYI
i64.wast:77: $assert_return_39 unexpectedly threw: Error: Compiling wasm failed: function $assert_return_39[68] at offset 3/11: Operator I64Const NYI
i64.wast:78: $assert_return_40 unexpectedly threw: Error: Compiling wasm failed: function $assert_return_40[69] at offset 3/11: Operator I64Const NYI
i64.wast:80: $assert_trap_41 failed, runtime trap NYI
i64.wast:81: $assert_trap_42 failed, runtime trap NYI
i64.wast:82: $assert_return_43 unexpectedly threw: Error: Compiling wasm failed: function $assert_return_43[72] at offset 3/11: Operator I64Const NYI
i64.wast:83: $assert_return_44 unexpectedly threw: Error: Compiling wasm failed: function $assert_return_44[73] at offset 3/11: Operator I64Const NYI
i64.wast:84: $assert_return_45 unexpectedly threw: Error: Compiling wasm failed: function $assert_return_45[74] at offset 3/11: Operator I64Const NYI
i64.wast:85: $assert_return_46 unexpectedly threw: Error: Compiling wasm failed: function $assert_return_46[75] at offset 7/20: Invalid LEB128 format
i64.wast:86: $assert_return_47 unexpectedly threw: Error: Compiling wasm failed: function $assert_return_47[76] at offset 7/29: Invalid LEB128 format
i64.wast:87: $assert_return_48 unexpectedly threw: Error: Compiling wasm failed: function $assert_return_48[77] at offset 7/28: Invalid LEB128 format
i64.wast:88: $assert_return_49 unexpectedly threw: Error: Compiling wasm failed: function $assert_return_49[78] at offset 7/28: Invalid LEB128 format
i64.wast:89: $assert_return_50 unexpectedly threw: Error: Compiling wasm failed: function $assert_return_50[79] at offset 3/11: Operator I64Const NYI
i64.wast:90: $assert_return_51 unexpectedly threw: Error: Compiling wasm failed: function $assert_return_51[80] at offset 3/20: Operator I64Const NYI
i64.wast:91: $assert_return_52 unexpectedly threw: Error: Compiling wasm failed: function $assert_return_52[81] at offset 3/11: Operator I64Const NYI
i64.wast:92: $assert_return_53 unexpectedly threw: Error: Compiling wasm failed: function $assert_return_53[82] at offset 3/11: Operator I64Const NYI
i64.wast:93: $assert_return_54 unexpectedly threw: Error: Compiling wasm failed: function $assert_return_54[83] at offset 3/11: Operator I64Const NYI
i64.wast:94: $assert_return_55 unexpectedly threw: Error: Compiling wasm failed: function $assert_return_55[84] at offset 3/11: Operator I64Const NYI
i64.wast:95: $assert_return_56 unexpectedly threw: Error: Compiling wasm failed: function $assert_return_56[85] at offset 3/11: Operator I64Const NYI
i64.wast:97: $assert_trap_57 failed, runtime trap NYI
i64.wast:98: $assert_trap_58 failed, runtime trap NYI
i64.wast:99: $assert_return_59 unexpectedly threw: Error: Compiling wasm failed: function $assert_return_59[88] at offset 7/20: Invalid LEB128 format
i64.wast:100: $assert_return_60 unexpectedly threw: Error: Compiling wasm failed: function $assert_return_60[89] at offset 3/11: Operator I64Const NYI
i64.wast:101: $assert_return_61 unexpectedly threw: Error: Compiling wasm failed: function $assert_return_61[90] at offset 3/11: Operator I64Const NYI
i64.wast:102: $assert_return_62 unexpectedly threw: Error: Compiling wasm failed: function $assert_return_62[91] at offset 3/11: Operator I64Const NYI
i64.wast:103: $assert_return_63 unexpectedly threw: Error: Compiling wasm failed: function $assert_return_63[92] at offset 7/20: Invalid LEB128 format
i64.wast:104: $assert_return_64 unexpectedly threw: Error: Compiling wasm failed: function $assert_return_64[93] at offset 7/20: Invalid LEB128 format
i64.wast:105: $assert_return_65 unexpectedly threw: Error: Compiling wasm failed: function $assert_return_65[94] at offset 7/22: Invalid LEB128 format
i64.wast:106: $assert_return_66 unexpectedly threw: Error: Compiling wasm failed: function $assert_return_66[95] at offset 3/11: Operator I64Const NYI
i64.wast:107: $assert_return_67 unexpectedly threw: Error: Compiling wasm failed: function $assert_return_67[96] at offset 3/11: Operator I64Const NYI
i64.wast:108: $assert_return_68 unexpectedly threw: Error: Compiling wasm failed: function $assert_return_68[97] at offset 3/11: Operator I64Const NYI
i64.wast:109: $assert_return_69 unexpectedly threw: Error: Compiling wasm failed: function $assert_return_69[98] at offset 3/11: Operator I64Const NYI
i64.wast:110: $assert_return_70 unexpectedly threw: Error: Compiling wasm failed: function $assert_return_70[99] at offset 3/11: Operator I64Const NYI
i64.wast:111: $assert_return_71 unexpectedly threw: Error: Compiling wasm failed: function $assert_return_71[100] at offset 3/11: Operator I64Const NYI
i64.wast:112: $assert_return_72 unexpectedly threw: Error: Compiling wasm failed: function $assert_return_72[101] at offset 3/11: Operator I64Const NYI
i64.wast:113: $assert_return_73 unexpectedly threw: Error: Compiling wasm failed: function $assert_return_73[102] at offset 3/11: Operator I64Const NYI
i64.wast:114: $assert_return_74 unexpectedly threw: Error: Compiling wasm failed: function $assert_return_74[103] at offset 3/11: Operator I64Const NYI
i64.wast:115: $assert_return_75 unexpectedly threw: Error: Compiling wasm failed: function $assert_return_75[104] at offset 3/11: Operator I64Const NYI
i64.wast:117: $assert_trap_76 failed, runtime trap NYI
i64.wast:118: $assert_trap_77 failed, runtime trap NYI
i64.wast:119: $assert_return_78 unexpectedly threw: Error: Compiling wasm failed: function $assert_return_78[107] at offset 3/11: Operator I64Const NYI
i64.wast:120: $assert_return_79 unexpectedly threw: Error: Compiling wasm failed: function $assert_return_79[108] at offset 3/11: Operator I64Const NYI
i64.wast:121: $assert_return_80 unexpectedly threw: Error: Compiling wasm failed: function $assert_return_80[109] at offset 3/11: Operator I64Const NYI
i64.wast:122: $assert_return_81 unexpectedly threw: Error: Compiling wasm failed: function $assert_return_81[110] at offset 7/29: Invalid LEB128 format
i64.wast:123: $assert_return_82 unexpectedly threw: Error: Compiling wasm failed: function $assert_return_82[111] at offset 7/20: Invalid LEB128 format
i64.wast:124: $assert_return_83 unexpectedly threw: Error: Compiling wasm failed: function $assert_return_83[112] at offset 7/28: Invalid LEB128 format
i64.wast:125: $assert_return_84 unexpectedly threw: Error: Compiling wasm failed: function $assert_return_84[113] at offset 7/22: Invalid LEB128 format
i64.wast:126: $assert_return_85 unexpectedly threw: Error: Compiling wasm failed: function $assert_return_85[114] at offset 3/11: Operator I64Const NYI
i64.wast:127: $assert_return_86 unexpectedly threw: Error: Compiling wasm failed: function $assert_return_86[115] at offset 3/11: Operator I64Const NYI
i64.wast:128: $assert_return_87 unexpectedly threw: Error: Compiling wasm failed: function $assert_return_87[116] at offset 3/11: Operator I64Const NYI
i64.wast:129: $assert_return_88 unexpectedly threw: Error: Compiling wasm failed: function $assert_return_88[117] at offset 3/11: Operator I64Const NYI
i64.wast:130: $assert_return_89 unexpectedly threw: Error: Compiling wasm failed: function $assert_return_89[118] at offset 3/11: Operator I64Const NYI
i64.wast:131: $assert_return_90 unexpectedly threw: Error: Compiling wasm failed: function $assert_return_90[119] at offset 3/11: Operator I64Const NYI
i64.wast:132: $assert_return_91 unexpectedly threw: Error: Compiling wasm failed: function $assert_return_91[120] at offset 3/11: Operator I64Const NYI
i64.wast:134: $assert_return_92 unexpectedly threw: Error: Compiling wasm failed: function $assert_return_92[121] at offset 3/11: Operator I64Const NYI
i64.wast:135: $assert_return_93 unexpectedly threw: Error: Compiling wasm failed: function $assert_return_93[122] at offset 3/11: Operator I64Const NYI
i64.wast:136: $assert_return_94 unexpectedly threw: Error: Compiling wasm failed: function $assert_return_94[123] at offset 3/11: Operator I64Const NYI
i64.wast:137: $assert_return_95 unexpectedly threw: Error: Compiling wasm failed: function $assert_return_95[124] at offset 3/11: Operator I64Const NYI
i64.wast:138: $assert_return_96 unexpectedly threw: Error: Compiling wasm failed: function $assert_return_96[125] at offset 7/29: Invalid LEB128 format
i64.wast:139: $assert_return_97 unexpectedly threw: Error: Compiling wasm failed: function $assert_return_97[126] at offset 7/29: Invalid LEB128 format
i64.wast:140: $assert_return_98 unexpectedly threw: Error: Compiling wasm failed: function $assert_return_98[127] at offset 7/23: Operator I64Const NYI
i64.wast:141: $assert_return_99 unexpectedly threw: Error: Compiling wasm failed: function $assert_return_99[128] at offset 3/11: Operator I64Const NYI
i64.wast:143: $assert_return_100 unexpectedly threw: Error: Compiling wasm failed: function $assert_return_100[129] at offset 3/11: Operator I64Const NYI
i64.wast:144: $assert_return_101 unexpectedly threw: Error: Compiling wasm failed: function $assert_return_101[130] at offset 3/11: Operator I64Const NYI
i64.wast:145: $assert_return_102 unexpectedly threw: Error: Compiling wasm failed: function $assert_return_102[131] at offset 3/11: Operator I64Const NYI
i64.wast:146: $assert_return_103 unexpectedly threw: Error: Compiling wasm failed: function $assert_return_103[132] at offset 3/11: Operator I64Const NYI
i64.wast:147: $assert_return_104 unexpectedly threw: Error: Compiling wasm failed: function $assert_return_104[133] at offset 7/29: Invalid LEB128 format
i64.wast:148: $assert_return_105 unexpectedly threw: Error: Compiling wasm failed: function $assert_return_105[134] at offset 7/29: Invalid LEB128 format
i64.wast:149: $assert_return_106 unexpectedly threw: Error: Compiling wasm failed: function $assert_return_106[135] at offset 7/23: Operator I64Const NYI
i64.wast:150: $assert_return_107 unexpectedly threw: Error: Compiling wasm failed: function $assert_return_107[136] at offset 3/11: Operator I64Const NYI
i64.wast:152: $assert_return_108 unexpectedly threw: Error: Compiling wasm failed: function $assert_return_108[137] at offset 3/11: Operator I64Const NYI
i64.wast:153: $assert_return_109 unexpectedly threw: Error: Compiling wasm failed: function $assert_return_109[138] at offset 3/11: Operator I64Const NYI
i64.wast:154: $assert_return_110 unexpectedly threw: Error: Compiling wasm failed: function $assert_return_110[139] at offset 3/11: Operator I64Const NYI
i64.wast:155: $assert_return_111 unexpectedly threw: Error: Compiling wasm failed: function $assert_return_111[140] at offset 3/11: Operator I64Const NYI
i64.wast:156: $assert_return_112 unexpectedly threw: Error: Compiling wasm failed: function $assert_return_112[141] at offset 7/29: Invalid LEB128 format
i64.wast:157: $assert_return_113 unexpectedly threw: Error: Compiling wasm failed: function $assert_return_113[142] at offset 7/29: Invalid LEB128 format
i64.wast:158: $assert_return_114 unexpectedly threw: Error: Compiling wasm failed: function $assert_return_114[143] at offset 3/29: Operator I64Const NYI
i64.wast:159: $assert_return_115 unexpectedly threw: Error: Compiling wasm failed: function $assert_return_115[144] at offset 3/29: Operator I64Const NYI
i64.wast:160: $assert_return_116 unexpectedly threw: Error: Compiling wasm failed: function $assert_return_116[145] at offset 7/23: Operator I64Const NYI
i64.wast:161: $assert_return_117 unexpectedly threw: Error: Compiling wasm failed: function $assert_return_117[146] at offset 3/11: Operator I64Const NYI
i64.wast:163: $assert_return_118 unexpectedly threw: Error: Compiling wasm failed: function $assert_return_118[147] at offset 3/11: Operator I64Const NYI
i64.wast:164: $assert_return_119 unexpectedly threw: Error: Compiling wasm failed: function $assert_return_119[148] at offset 3/11: Operator I64Const NYI
i64.wast:165: $assert_return_120 unexpectedly threw: Error: Compiling wasm failed: function $assert_return_120[149] at offset 7/20: Invalid LEB128 format
i64.wast:166: $assert_return_121 unexpectedly threw: Error: Compiling wasm failed: function $assert_return_121[150] at offset 3/11: Operator I64Const NYI
i64.wast:167: $assert_return_122 unexpectedly threw: Error: Compiling wasm failed: function $assert_return_122[151] at offset 7/20: Invalid LEB128 format
i64.wast:168: $assert_return_123 unexpectedly threw: Error: Compiling wasm failed: function $assert_return_123[152] at offset 7/29: Invalid LEB128 format
i64.wast:169: $assert_return_124 unexpectedly threw: Error: Compiling wasm failed: function $assert_return_124[153] at offset 3/20: Operator I64Const NYI
i64.wast:170: $assert_return_125 unexpectedly threw: Error: Compiling wasm failed: function $assert_return_125[154] at offset 3/12: Operator I64Const NYI
i64.wast:171: $assert_return_126 unexpectedly threw: Error: Compiling wasm failed: function $assert_return_126[155] at offset 3/12: Operator I64Const NYI
i64.wast:172: $assert_return_127 unexpectedly threw: Error: Compiling wasm failed: function $assert_return_127[156] at offset 3/20: Operator I64Const NYI
i64.wast:173: $assert_return_128 unexpectedly threw: Error: Compiling wasm failed: function $assert_return_128[157] at offset 3/29: Operator I64Const NYI
i64.wast:175: $assert_return_129 unexpectedly threw: Error: Compiling wasm failed: function $assert_return_129[158] at offset 3/11: Operator I64Const NYI
i64.wast:176: $assert_return_130 unexpectedly threw: Error: Compiling wasm failed: function $assert_return_130[159] at offset 3/11: Operator I64Const NYI
i64.wast:177: $assert_return_131 unexpectedly threw: Error: Compiling wasm failed: function $assert_return_131[160] at offset 3/11: Operator I64Const NYI
i64.wast:178: $assert_return_132 unexpectedly threw: Error: Compiling wasm failed: function $assert_return_132[161] at offset 7/28: Invalid LEB128 format
i64.wast:179: $assert_return_133 unexpectedly threw: Error: Compiling wasm failed: function $assert_return_133[162] at offset 7/28: Invalid LEB128 format
i64.wast:180: $assert_return_134 unexpectedly threw: Error: Compiling wasm failed: function $assert_return_134[163] at offset 7/28: Invalid LEB128 format
i64.wast:181: $assert_return_135 unexpectedly threw: Error: Compiling wasm failed: function $assert_return_135[164] at offset 3/12: Operator I64Const NYI
i64.wast:182: $assert_return_136 unexpectedly threw: Error: Compiling wasm failed: function $assert_return_136[165] at offset 3/12: Operator I64Const NYI
i64.wast:183: $assert_return_137 unexpectedly threw: Error: Compiling wasm failed: function $assert_return_137[166] at offset 3/11: Operator I64Const NYI
i64.wast:184: $assert_return_138 unexpectedly threw: Error: Compiling wasm failed: function $assert_return_138[167] at offset 3/20: Operator I64Const NYI
i64.wast:185: $assert_return_139 unexpectedly threw: Error: Compiling wasm failed: function $assert_return_139[168] at offset 3/20: Operator I64Const NYI
i64.wast:186: $assert_return_140 unexpectedly threw: Error: Compiling wasm failed: function $assert_return_140[169] at offset 7/20: Invalid LEB128 format
i64.wast:187: $assert_return_141 unexpectedly threw: Error: Compiling wasm failed: function $assert_return_141[170] at offset 3/12: Operator I64Const NYI
i64.wast:188: $assert_return_142 unexpectedly threw: Error: Compiling wasm failed: function $assert_return_142[171] at offset 3/12: Operator I64Const NYI
i64.wast:189: $assert_return_143 unexpectedly threw: Error: Compiling wasm failed: function $assert_return_143[172] at offset 3/11: Operator I64Const NYI
i64.wast:190: $assert_return_144 unexpectedly threw: Error: Compiling wasm failed: function $assert_return_144[173] at offset 3/20: Operator I64Const NYI
i64.wast:191: $assert_return_145 unexpectedly threw: Error: Compiling wasm failed: function $assert_return_145[174] at offset 3/20: Operator I64Const NYI
i64.wast:193: $assert_return_146 unexpectedly threw: Error: Compiling wasm failed: function $assert_return_146[175] at offset 3/11: Operator I64Const NYI
i64.wast:194: $assert_return_147 unexpectedly threw: Error: Compiling wasm failed: function $assert_return_147[176] at offset 3/11: Operator I64Const NYI
i64.wast:195: $assert_return_148 unexpectedly threw: Error: Compiling wasm failed: function $assert_return_148[177] at offset 3/20: Operator I64Const NYI
i64.wast:196: $assert_return_149 unexpectedly threw: Error: Compiling wasm failed: function $assert_return_149[178] at offset 7/28: Invalid LEB128 format
i64.wast:197: $assert_return_150 unexpectedly threw: Error: Compiling wasm failed: function $assert_return_150[179] at offset 7/29: Invalid LEB128 format
i64.wast:198: $assert_return_151 unexpectedly threw: Error: Compiling wasm failed: function $assert_return_151[180] at offset 7/28: Invalid LEB128 format
i64.wast:199: $assert_return_152 unexpectedly threw: Error: Compiling wasm failed: function $assert_return_152[181] at offset 3/12: Operator I64Const NYI
i64.wast:200: $assert_return_153 unexpectedly threw: Error: Compiling wasm failed: function $assert_return_153[182] at offset 3/12: Operator I64Const NYI
i64.wast:201: $assert_return_154 unexpectedly threw: Error: Compiling wasm failed: function $assert_return_154[183] at offset 3/11: Operator I64Const NYI
i64.wast:202: $assert_return_155 unexpectedly threw: Error: Compiling wasm failed: function $assert_return_155[184] at offset 3/20: Operator I64Const NYI
i64.wast:203: $assert_return_156 unexpectedly threw: Error: Compiling wasm failed: function $assert_return_156[185] at offset 3/20: Operator I64Const NYI
i64.wast:204: $assert_return_157 unexpectedly threw: Error: Compiling wasm failed: function $assert_return_157[186] at offset 7/20: Invalid LEB128 format
i64.wast:205: $assert_return_158 unexpectedly threw: Error: Compiling wasm failed: function $assert_return_158[187] at offset 3/12: Operator I64Const NYI
i64.wast:206: $assert_return_159 unexpectedly threw: Error: Compiling wasm failed: function $assert_return_159[188] at offset 3/21: Operator I64Const NYI
i64.wast:207: $assert_return_160 unexpectedly threw: Error: Compiling wasm failed: function $assert_return_160[189] at offset 3/11: Operator I64Const NYI
i64.wast:208: $assert_return_161 unexpectedly threw: Error: Compiling wasm failed: function $assert_return_161[190] at offset 3/20: Operator I64Const NYI
i64.wast:209: $assert_return_162 unexpectedly threw: Error: Compiling wasm failed: function $assert_return_162[191] at offset 3/20: Operator I64Const NYI
i64.wast:211: $assert_return_163 unexpectedly threw: Error: Compiling wasm failed: function $assert_return_163[192] at offset 3/11: Operator I64Const NYI
i64.wast:212: $assert_return_164 unexpectedly threw: Error: Compiling wasm failed: function $assert_return_164[193] at offset 3/11: Operator I64Const NYI
i64.wast:213: $assert_return_165 unexpectedly threw: Error: Compiling wasm failed: function $assert_return_165[194] at offset 3/11: Operator I64Const NYI
i64.wast:214: $assert_return_166 unexpectedly threw: Error: Compiling wasm failed: function $assert_return_166[195] at offset 7/29: Invalid LEB128 format
i64.wast:215: $assert_return_167 unexpectedly threw: Error: Compiling wasm failed: function $assert_return_167[196] at offset 7/38: Invalid LEB128 format
i64.wast:216: $assert_return_168 unexpectedly threw: Error: Compiling wasm failed: function $assert_return_168[197] at offset 3/20: Operator I64Const NYI
i64.wast:217: $assert_return_169 unexpectedly threw: Error: Compiling wasm failed: function $assert_return_169[198] at offset 7/20: Invalid LEB128 format
i64.wast:219: $assert_return_170 unexpectedly threw: Error: Compiling wasm failed: function $assert_return_170[199] at offset 3/20: Operator I64Const NYI
i64.wast:220: $assert_return_171 unexpectedly threw: Error: Compiling wasm failed: function $assert_return_171[200] at offset 3/11: Operator I64Const NYI
i64.wast:221: $assert_return_172 unexpectedly threw: Error: Compiling wasm failed: function $assert_return_172[201] at offset 3/11: Operator I64Const NYI
i64.wast:222: $assert_return_173 unexpectedly threw: Error: Compiling wasm failed: function $assert_return_173[202] at offset 7/29: Invalid LEB128 format
i64.wast:223: $assert_return_174 unexpectedly threw: Error: Compiling wasm failed: function $assert_return_174[203] at offset 7/29: Invalid LEB128 format
i64.wast:224: $assert_return_175 unexpectedly threw: Error: Compiling wasm failed: function $assert_return_175[204] at offset 7/30: Invalid LEB128 format
i64.wast:225: $assert_return_176 unexpectedly threw: Error: Compiling wasm failed: function $assert_return_176[205] at offset 3/20: Operator I64Const NYI
i64.wast:226: $assert_return_177 unexpectedly threw: Error: Compiling wasm failed: function $assert_return_177[206] at offset 7/20: Invalid LEB128 format
i64.wast:228: $assert_return_178 unexpectedly threw: Error: Compiling wasm failed: function $assert_return_178[207] at offset 3/9: Operator I64Const NYI
i64.wast:229: $assert_return_179 unexpectedly threw: Error: Compiling wasm failed: function $assert_return_179[208] at offset 3/10: Operator I64Const NYI
i64.wast:230: $assert_return_180 unexpectedly threw: Error: Compiling wasm failed: function $assert_return_180[209] at offset 5/11: Operator I64Const NYI
i64.wast:231: $assert_return_181 unexpectedly threw: Error: Compiling wasm failed: function $assert_return_181[210] at offset 4/10: Operator I64Const NYI
i64.wast:232: $assert_return_182 unexpectedly threw: Error: Compiling wasm failed: function $assert_return_182[211] at offset 7/18: Invalid LEB128 format
i64.wast:233: $assert_return_183 unexpectedly threw: Error: Compiling wasm failed: function $assert_return_183[212] at offset 3/9: Operator I64Const NYI
i64.wast:234: $assert_return_184 unexpectedly threw: Error: Compiling wasm failed: function $assert_return_184[213] at offset 3/9: Operator I64Const NYI
i64.wast:235: $assert_return_185 unexpectedly threw: Error: Compiling wasm failed: function $assert_return_185[214] at offset 7/18: Invalid LEB128 format
i64.wast:237: $assert_return_186 unexpectedly threw: Error: Compiling wasm failed: function $assert_return_186[215] at offset 3/9: Operator I64Const NYI
i64.wast:238: $assert_return_187 unexpectedly threw: Error: Compiling wasm failed: function $assert_return_187[216] at offset 3/10: Operator I64Const NYI
i64.wast:239: $assert_return_188 unexpectedly threw: Error: Compiling wasm failed: function $assert_return_188[217] at offset 5/11: Operator I64Const NYI
i64.wast:240: $assert_return_189 unexpectedly threw: Error: Compiling wasm failed: function $assert_return_189[218] at offset 5/11: Operator I64Const NYI
i64.wast:241: $assert_return_190 unexpectedly threw: Error: Compiling wasm failed: function $assert_return_190[219] at offset 7/18: Invalid LEB128 format
i64.wast:242: $assert_return_191 unexpectedly threw: Error: Compiling wasm failed: function $assert_return_191[220] at offset 7/18: Invalid LEB128 format
i64.wast:244: $assert_return_192 unexpectedly threw: Error: Compiling wasm failed: function $assert_return_192[221] at offset 3/10: Operator I64Const NYI
i64.wast:245: $assert_return_193 unexpectedly threw: Error: Compiling wasm failed: function $assert_return_193[222] at offset 3/9: Operator I64Const NYI
i64.wast:246: $assert_return_194 unexpectedly threw: Error: Compiling wasm failed: function $assert_return_194[223] at offset 5/11: Operator I64Const NYI
i64.wast:247: $assert_return_195 unexpectedly threw: Error: Compiling wasm failed: function $assert_return_195[224] at offset 7/18: Invalid LEB128 format
i64.wast:248: $assert_return_196 unexpectedly threw: Error: Compiling wasm failed: function $assert_return_196[225] at offset 7/18: Invalid LEB128 format
i64.wast:249: $assert_return_197 unexpectedly threw: Error: Compiling wasm failed: function $assert_return_197[226] at offset 7/18: Invalid LEB128 format
i64.wast:250: $assert_return_198 unexpectedly threw: Error: Compiling wasm failed: function $assert_return_198[227] at offset 7/18: Invalid LEB128 format
i64.wast:251: $assert_return_199 unexpectedly threw: Error: Compiling wasm failed: function $assert_return_199[228] at offset 7/17: Invalid LEB128 format
i64.wast:253: $assert_return_200 unexpectedly threw: Error: Compiling wasm failed: function $assert_return_200[229] at offset 3/9: Operator I64Const NYI
i64.wast:254: $assert_return_201 unexpectedly threw: Error: Compiling wasm failed: function $assert_return_201[230] at offset 3/9: Operator I64Const NYI
i64.wast:255: $assert_return_202 unexpectedly threw: Error: Compiling wasm failed: function $assert_return_202[231] at offset 7/18: Invalid LEB128 format
i64.wast:256: $assert_return_203 unexpectedly threw: Error: Compiling wasm failed: function $assert_return_203[232] at offset 7/18: Invalid LEB128 format
i64.wast:258: $assert_return_204 unexpectedly threw: Error: Compiling wasm failed: function $assert_return_204[233] at offset 3/11: Operator I64Const NYI
i64.wast:259: $assert_return_205 unexpectedly threw: Error: Compiling wasm failed: function $assert_return_205[234] at offset 3/11: Operator I64Const NYI
i64.wast:260: $assert_return_206 unexpectedly threw: Error: Compiling wasm failed: function $assert_return_206[235] at offset 3/11: Operator I64Const NYI
i64.wast:261: $assert_return_207 unexpectedly threw: Error: Compiling wasm failed: function $assert_return_207[236] at offset 7/29: Invalid LEB128 format
i64.wast:262: $assert_return_208 unexpectedly threw: Error: Compiling wasm failed: function $assert_return_208[237] at offset 7/29: Invalid LEB128 format
i64.wast:263: $assert_return_209 unexpectedly threw: Error: Compiling wasm failed: function $assert_return_209[238] at offset 3/11: Operator I64Const NYI
i64.wast:264: $assert_return_210 unexpectedly threw: Error: Compiling wasm failed: function $assert_return_210[239] at offset 3/11: Operator I64Const NYI
i64.wast:265: $assert_return_211 unexpectedly threw: Error: Compiling wasm failed: function $assert_return_211[240] at offset 3/11: Operator I64Const NYI
i64.wast:266: $assert_return_212 unexpectedly threw: Error: Compiling wasm failed: function $assert_return_212[241] at offset 7/20: Invalid LEB128 format
i64.wast:267: $assert_return_213 unexpectedly threw: Error: Compiling wasm failed: function $assert_return_213[242] at offset 3/20: Operator I64Const NYI
i64.wast:268: $assert_return_214 unexpectedly threw: Error: Compiling wasm failed: function $assert_return_214[243] at offset 7/20: Invalid LEB128 format
i64.wast:269: $assert_return_215 unexpectedly threw: Error: Compiling wasm failed: function $assert_return_215[244] at offset 3/20: Operator I64Const NYI
i64.wast:270: $assert_return_216 unexpectedly threw: Error: Compiling wasm failed: function $assert_return_216[245] at offset 7/29: Invalid LEB128 format
i64.wast:271: $assert_return_217 unexpectedly threw: Error: Compiling wasm failed: function $assert_return_217[246] at offset 7/29: Invalid LEB128 format
i64.wast:273: $assert_return_218 unexpectedly threw: Error: Compiling wasm failed: function $assert_return_218[247] at offset 3/11: Operator I64Const NYI
i64.wast:274: $assert_return_219 unexpectedly threw: Error: Compiling wasm failed: function $assert_return_219[248] at offset 3/11: Operator I64Const NYI
i64.wast:275: $assert_return_220 unexpectedly threw: Error: Compiling wasm failed: function $assert_return_220[249] at offset 3/11: Operator I64Const NYI
i64.wast:276: $assert_return_221 unexpectedly threw: Error: Compiling wasm failed: function $assert_return_221[250] at offset 7/29: Invalid LEB128 format
i64.wast:277: $assert_return_222 unexpectedly threw: Error: Compiling wasm failed: function $assert_return_222[251] at offset 7/29: Invalid LEB128 format
i64.wast:278: $assert_return_223 unexpectedly threw: Error: Compiling wasm failed: function $assert_return_223[252] at offset 3/11: Operator I64Const NYI
i64.wast:279: $assert_return_224 unexpectedly threw: Error: Compiling wasm failed: function $assert_return_224[253] at offset 3/11: Operator I64Const NYI
i64.wast:280: $assert_return_225 unexpectedly threw: Error: Compiling wasm failed: function $assert_return_225[254] at offset 3/11: Operator I64Const NYI
i64.wast:281: $assert_return_226 unexpectedly threw: Error: Compiling wasm failed: function $assert_return_226[255] at offset 7/20: Invalid LEB128 format
i64.wast:282: $assert_return_227 unexpectedly threw: Error: Compiling wasm failed: function $assert_return_227[256] at offset 3/20: Operator I64Const NYI
i64.wast:283: $assert_return_228 unexpectedly threw: Error: Compiling wasm failed: function $assert_return_228[257] at offset 7/20: Invalid LEB128 format
i64.wast:284: $assert_return_229 unexpectedly threw: Error: Compiling wasm failed: function $assert_return_229[258] at offset 3/20: Operator I64Const NYI
i64.wast:285: $assert_return_230 unexpectedly threw: Error: Compiling wasm failed: function $assert_return_230[259] at offset 7/29: Invalid LEB128 format
i64.wast:286: $assert_return_231 unexpectedly threw: Error: Compiling wasm failed: function $assert_return_231[260] at offset 7/29: Invalid LEB128 format
i64.wast:288: $assert_return_232 unexpectedly threw: Error: Compiling wasm failed: function $assert_return_232[261] at offset 3/11: Operator I64Const NYI
i64.wast:289: $assert_return_233 unexpectedly threw: Error: Compiling wasm failed: function $assert_return_233[262] at offset 3/11: Operator I64Const NYI
i64.wast:290: $assert_return_234 unexpectedly threw: Error: Compiling wasm failed: function $assert_return_234[263] at offset 3/11: Operator I64Const NYI
i64.wast:291: $assert_return_235 unexpectedly threw: Error: Compiling wasm failed: function $assert_return_235[264] at offset 7/29: Invalid LEB128 format
i64.wast:292: $assert_return_236 unexpectedly threw: Error: Compiling wasm failed: function $assert_return_236[265] at offset 7/29: Invalid LEB128 format
i64.wast:293: $assert_return_237 unexpectedly threw: Error: Compiling wasm failed: function $assert_return_237[266] at offset 3/11: Operator I64Const NYI
i64.wast:294: $assert_return_238 unexpectedly threw: Error: Compiling wasm failed: function $assert_return_238[267] at offset 3/11: Operator I64Const NYI
i64.wast:295: $assert_return_239 unexpectedly threw: Error: Compiling wasm failed: function $assert_return_239[268] at offset 3/11: Operator I64Const NYI
i64.wast:296: $assert_return_240 unexpectedly threw: Error: Compiling wasm failed: function $assert_return_240[269] at offset 7/20: Invalid LEB128 format
i64.wast:297: $assert_return_241 unexpectedly threw: Error: Compiling wasm failed: function $assert_return_241[270] at offset 3/20: Operator I64Const NYI
i64.wast:298: $assert_return_242 unexpectedly threw: Error: Compiling wasm failed: function $assert_return_242[271] at offset 7/20: Invalid LEB128 format
i64.wast:299: $assert_return_243 unexpectedly threw: Error: Compiling wasm failed: function $assert_return_243[272] at offset 3/20: Operator I64Const NYI
i64.wast:300: $assert_return_244 unexpectedly threw: Error: Compiling wasm failed: function $assert_return_244[273] at offset 7/29: Invalid LEB128 format
i64.wast:301: $assert_return_245 unexpectedly threw: Error: Compiling wasm failed: function $assert_return_245[274] at offset 7/29: Invalid LEB128 format
i64.wast:303: $assert_return_246 unexpectedly threw: Error: Compiling wasm failed: function $assert_return_246[275] at offset 3/11: Operator I64Const NYI
i64.wast:304: $assert_return_247 unexpectedly threw: Error: Compiling wasm failed: function $assert_return_247[276] at offset 3/11: Operator I64Const NYI
i64.wast:305: $assert_return_248 unexpectedly threw: Error: Compiling wasm failed: function $assert_return_248[277] at offset 3/11: Operator I64Const NYI
i64.wast:306: $assert_return_249 unexpectedly threw: Error: Compiling wasm failed: function $assert_return_249[278] at offset 7/29: Invalid LEB128 format
i64.wast:307: $assert_return_250 unexpectedly threw: Error: Compiling wasm failed: function $assert_return_250[279] at offset 7/29: Invalid LEB128 format
i64.wast:308: $assert_return_251 unexpectedly threw: Error: Compiling wasm failed: function $assert_return_251[280] at offset 3/11: Operator I64Const NYI
i64.wast:309: $assert_return_252 unexpectedly threw: Error: Compiling wasm failed: function $assert_return_252[281] at offset 3/11: Operator I64Const NYI
i64.wast:310: $assert_return_253 unexpectedly threw: Error: Compiling wasm failed: function $assert_return_253[282] at offset 3/11: Operator I64Const NYI
i64.wast:311: $assert_return_254 unexpectedly threw: Error: Compiling wasm failed: function $assert_return_254[283] at offset 7/20: Invalid LEB128 format
i64.wast:312: $assert_return_255 unexpectedly threw: Error: Compiling wasm failed: function $assert_return_255[284] at offset 3/20: Operator I64Const NYI
i64.wast:313: $assert_return_256 unexpectedly threw: Error: Compiling wasm failed: function $assert_return_256[285] at offset 7/20: Invalid LEB128 format
i64.wast:314: $assert_return_257 unexpectedly threw: Error: Compiling wasm failed: function $assert_return_257[286] at offset 3/20: Operator I64Const NYI
i64.wast:315: $assert_return_258 unexpectedly threw: Error: Compiling wasm failed: function $assert_return_258[287] at offset 7/29: Invalid LEB128 format
i64.wast:316: $assert_return_259 unexpectedly threw: Error: Compiling wasm failed: function $assert_return_259[288] at offset 7/29: Invalid LEB128 format
i64.wast:318: $assert_return_260 unexpectedly threw: Error: Compiling wasm failed: function $assert_return_260[289] at offset 3/11: Operator I64Const NYI
i64.wast:319: $assert_return_261 unexpectedly threw: Error: Compiling wasm failed: function $assert_return_261[290] at offset 3/11: Operator I64Const NYI
i64.wast:320: $assert_return_262 unexpectedly threw: Error: Compiling wasm failed: function $assert_return_262[291] at offset 3/11: Operator I64Const NYI
i64.wast:321: $assert_return_263 unexpectedly threw: Error: Compiling wasm failed: function $assert_return_263[292] at offset 7/29: Invalid LEB128 format
i64.wast:322: $assert_return_264 unexpectedly threw: Error: Compiling wasm failed: function $assert_return_264[293] at offset 7/29: Invalid LEB128 format
i64.wast:323: $assert_return_265 unexpectedly threw: Error: Compiling wasm failed: function $assert_return_265[294] at offset 3/11: Operator I64Const NYI
i64.wast:324: $assert_return_266 unexpectedly threw: Error: Compiling wasm failed: function $assert_return_266[295] at offset 3/11: Operator I64Const NYI
i64.wast:325: $assert_return_267 unexpectedly threw: Error: Compiling wasm failed: function $assert_return_267[296] at offset 3/11: Operator I64Const NYI
i64.wast:326: $assert_return_268 unexpectedly threw: Error: Compiling wasm failed: function $assert_return_268[297] at offset 7/20: Invalid LEB128 format
i64.wast:327: $assert_return_269 unexpectedly threw: Error: Compiling wasm failed: function $assert_return_269[298] at offset 3/20: Operator I64Const NYI
i64.wast:328: $assert_return_270 unexpectedly threw: Error: Compiling wasm failed: function $assert_return_270[299] at offset 7/20: Invalid LEB128 format
i64.wast:329: $assert_return_271 unexpectedly threw: Error: Compiling wasm failed: function $assert_return_271[300] at offset 3/20: Operator I64Const NYI
i64.wast:330: $assert_return_272 unexpectedly threw: Error: Compiling wasm failed: function $assert_return_272[301] at offset 7/29: Invalid LEB128 format
i64.wast:331: $assert_return_273 unexpectedly threw: Error: Compiling wasm failed: function $assert_return_273[302] at offset 7/29: Invalid LEB128 format
i64.wast:333: $assert_return_274 unexpectedly threw: Error: Compiling wasm failed: function $assert_return_274[303] at offset 3/11: Operator I64Const NYI
i64.wast:334: $assert_return_275 unexpectedly threw: Error: Compiling wasm failed: function $assert_return_275[304] at offset 3/11: Operator I64Const NYI
i64.wast:335: $assert_return_276 unexpectedly threw: Error: Compiling wasm failed: function $assert_return_276[305] at offset 3/11: Operator I64Const NYI
i64.wast:336: $assert_return_277 unexpectedly threw: Error: Compiling wasm failed: function $assert_return_277[306] at offset 7/29: Invalid LEB128 format
i64.wast:337: $assert_return_278 unexpectedly threw: Error: Compiling wasm failed: function $assert_return_278[307] at offset 7/29: Invalid LEB128 format
i64.wast:338: $assert_return_279 unexpectedly threw: Error: Compiling wasm failed: function $assert_return_279[308] at offset 3/11: Operator I64Const NYI
i64.wast:339: $assert_return_280 unexpectedly threw: Error: Compiling wasm failed: function $assert_return_280[309] at offset 3/11: Operator I64Const NYI
i64.wast:340: $assert_return_281 unexpectedly threw: Error: Compiling wasm failed: function $assert_return_281[310] at offset 3/11: Operator I64Const NYI
i64.wast:341: $assert_return_282 unexpectedly threw: Error: Compiling wasm failed: function $assert_return_282[311] at offset 7/20: Invalid LEB128 format
i64.wast:342: $assert_return_283 unexpectedly threw: Error: Compiling wasm failed: function $assert_return_283[312] at offset 3/20: Operator I64Const NYI
i64.wast:343: $assert_return_284 unexpectedly threw: Error: Compiling wasm failed: function $assert_return_284[313] at offset 7/20: Invalid LEB128 format
i64.wast:344: $assert_return_285 unexpectedly threw: Error: Compiling wasm failed: function $assert_return_285[314] at offset 3/20: Operator I64Const NYI
i64.wast:345: $assert_return_286 unexpectedly threw: Error: Compiling wasm failed: function $assert_return_286[315] at offset 7/29: Invalid LEB128 format
i64.wast:346: $assert_return_287 unexpectedly threw: Error: Compiling wasm failed: function $assert_return_287[316] at offset 7/29: Invalid LEB128 format
i64.wast:348: $assert_return_288 unexpectedly threw: Error: Compiling wasm failed: function $assert_return_288[317] at offset 3/11: Operator I64Const NYI
i64.wast:349: $assert_return_289 unexpectedly threw: Error: Compiling wasm failed: function $assert_return_289[318] at offset 3/11: Operator I64Const NYI
i64.wast:350: $assert_return_290 unexpectedly threw: Error: Compiling wasm failed: function $assert_return_290[319] at offset 3/11: Operator I64Const NYI
i64.wast:351: $assert_return_291 unexpectedly threw: Error: Compiling wasm failed: function $assert_return_291[320] at offset 7/29: Invalid LEB128 format
i64.wast:352: $assert_return_292 unexpectedly threw: Error: Compiling wasm failed: function $assert_return_292[321] at offset 7/29: Invalid LEB128 format
i64.wast:353: $assert_return_293 unexpectedly threw: Error: Compiling wasm failed: function $assert_return_293[322] at offset 3/11: Operator I64Const NYI
i64.wast:354: $assert_return_294 unexpectedly threw: Error: Compiling wasm failed: function $assert_return_294[323] at offset 3/11: Operator I64Const NYI
i64.wast:355: $assert_return_295 unexpectedly threw: Error: Compiling wasm failed: function $assert_return_295[324] at offset 3/11: Operator I64Const NYI
i64.wast:356: $assert_return_296 unexpectedly threw: Error: Compiling wasm failed: function $assert_return_296[325] at offset 7/20: Invalid LEB128 format
i64.wast:357: $assert_return_297 unexpectedly threw: Error: Compiling wasm failed: function $assert_return_297[326] at offset 3/20: Operator I64Const NYI
i64.wast:358: $assert_return_298 unexpectedly threw: Error: Compiling wasm failed: function $assert_return_298[327] at offset 7/20: Invalid LEB128 format
i64.wast:359: $assert_return_299 unexpectedly threw: Error: Compiling wasm failed: function $assert_return_299[328] at offset 3/20: Operator I64Const NYI
i64.wast:360: $assert_return_300 unexpectedly threw: Error: Compiling wasm failed: function $assert_return_300[329] at offset 7/29: Invalid LEB128 format
i64.wast:361: $assert_return_301 unexpectedly threw: Error: Compiling wasm failed: function $assert_return_301[330] at offset 7/29: Invalid LEB128 format
i64.wast:363: $assert_return_302 unexpectedly threw: Error: Compiling wasm failed: function $assert_return_302[331] at offset 3/11: Operator I64Const NYI
i64.wast:364: $assert_return_303 unexpectedly threw: Error: Compiling wasm failed: function $assert_return_303[332] at offset 3/11: Operator I64Const NYI
i64.wast:365: $assert_return_304 unexpectedly threw: Error: Compiling wasm failed: function $assert_return_304[333] at offset 3/11: Operator I64Const NYI
i64.wast:366: $assert_return_305 unexpectedly threw: Error: Compiling wasm failed: function $assert_return_305[334] at offset 7/29: Invalid LEB128 format
i64.wast:367: $assert_return_306 unexpectedly threw: Error: Compiling wasm failed: function $assert_return_306[335] at offset 7/29: Invalid LEB128 format
i64.wast:368: $assert_return_307 unexpectedly threw: Error: Compiling wasm failed: function $assert_return_307[336] at offset 3/11: Operator I64Const NYI
i64.wast:369: $assert_return_308 unexpectedly threw: Error: Compiling wasm failed: function $assert_return_308[337] at offset 3/11: Operator I64Const NYI
i64.wast:370: $assert_return_309 unexpectedly threw: Error: Compiling wasm failed: function $assert_return_309[338] at offset 3/11: Operator I64Const NYI
i64.wast:371: $assert_return_310 unexpectedly threw: Error: Compiling wasm failed: function $assert_return_310[339] at offset 7/20: Invalid LEB128 format
i64.wast:372: $assert_return_311 unexpectedly threw: Error: Compiling wasm failed: function $assert_return_311[340] at offset 3/20: Operator I64Const NYI
i64.wast:373: $assert_return_312 unexpectedly threw: Error: Compiling wasm failed: function $assert_return_312[341] at offset 7/20: Invalid LEB128 format
i64.wast:374: $assert_return_313 unexpectedly threw: Error: Compiling wasm failed: function $assert_return_313[342] at offset 3/20: Operator I64Const NYI
i64.wast:375: $assert_return_314 unexpectedly threw: Error: Compiling wasm failed: function $assert_return_314[343] at offset 7/29: Invalid LEB128 format
i64.wast:376: $assert_return_315 unexpectedly threw: Error: Compiling wasm failed: function $assert_return_315[344] at offset 7/29: Invalid LEB128 format
i64.wast:378: $assert_return_316 unexpectedly threw: Error: Compiling wasm failed: function $assert_return_316[345] at offset 3/11: Operator I64Const NYI
i64.wast:379: $assert_return_317 unexpectedly threw: Error: Compiling wasm failed: function $assert_return_317[346] at offset 3/11: Operator I64Const NYI
i64.wast:380: $assert_return_318 unexpectedly threw: Error: Compiling wasm failed: function $assert_return_318[347] at offset 3/11: Operator I64Const NYI
i64.wast:381: $assert_return_319 unexpectedly threw: Error: Compiling wasm failed: function $assert_return_319[348] at offset 7/29: Invalid LEB128 format
i64.wast:382: $assert_return_320 unexpectedly threw: Error: Compiling wasm failed: function $assert_return_320[349] at offset 7/29: Invalid LEB128 format
i64.wast:383: $assert_return_321 unexpectedly threw: Error: Compiling wasm failed: function $assert_return_321[350] at offset 3/11: Operator I64Const NYI
i64.wast:384: $assert_return_322 unexpectedly threw: Error: Compiling wasm failed: function $assert_return_322[351] at offset 3/11: Operator I64Const NYI
i64.wast:385: $assert_return_323 unexpectedly threw: Error: Compiling wasm failed: function $assert_return_323[352] at offset 3/11: Operator I64Const NYI
i64.wast:386: $assert_return_324 unexpectedly threw: Error: Compiling wasm failed: function $assert_return_324[353] at offset 7/20: Invalid LEB128 format
i64.wast:387: $assert_return_325 unexpectedly threw: Error: Compiling wasm failed: function $assert_return_325[354] at offset 3/20: Operator I64Const NYI
i64.wast:388: $assert_return_326 unexpectedly threw: Error: Compiling wasm failed: function $assert_return_326[355] at offset 7/20: Invalid LEB128 format
i64.wast:389: $assert_return_327 unexpectedly threw: Error: Compiling wasm failed: function $assert_return_327[356] at offset 3/20: Operator I64Const NYI
i64.wast:390: $assert_return_328 unexpectedly threw: Error: Compiling wasm failed: function $assert_return_328[357] at offset 7/29: Invalid LEB128 format
i64.wast:391: $assert_return_329 unexpectedly threw: Error: Compiling wasm failed: function $assert_return_329[358] at offset 7/29: Invalid LEB128 format
i64.wast:393: $assert_return_330 unexpectedly threw: Error: Compiling wasm failed: function $assert_return_330[359] at offset 3/11: Operator I64Const NYI
i64.wast:394: $assert_return_331 unexpectedly threw: Error: Compiling wasm failed: function $assert_return_331[360] at offset 3/11: Operator I64Const NYI
i64.wast:395: $assert_return_332 unexpectedly threw: Error: Compiling wasm failed: function $assert_return_332[361] at offset 3/11: Operator I64Const NYI
i64.wast:396: $assert_return_333 unexpectedly threw: Error: Compiling wasm failed: function $assert_return_333[362] at offset 7/29: Invalid LEB128 format
i64.wast:397: $assert_return_334 unexpectedly threw: Error: Compiling wasm failed: function $assert_return_334[363] at offset 7/29: Invalid LEB128 format
i64.wast:398: $assert_return_335 unexpectedly threw: Error: Compiling wasm failed: function $assert_return_335[364] at offset 3/11: Operator I64Const NYI
i64.wast:399: $assert_return_336 unexpectedly threw: Error: Compiling wasm failed: function $assert_return_336[365] at offset 3/11: Operator I64Const NYI
i64.wast:400: $assert_return_337 unexpectedly threw: Error: Compiling wasm failed: function $assert_return_337[366] at offset 3/11: Operator I64Const NYI
i64.wast:401: $assert_return_338 unexpectedly threw: Error: Compiling wasm failed: function $assert_return_338[367] at offset 7/20: Invalid LEB128 format
i64.wast:402: $assert_return_339 unexpectedly threw: Error: Compiling wasm failed: function $assert_return_339[368] at offset 3/20: Operator I64Const NYI
i64.wast:403: $assert_return_340 unexpectedly threw: Error: Compiling wasm failed: function $assert_return_340[369] at offset 7/20: Invalid LEB128 format
i64.wast:404: $assert_return_341 unexpectedly threw: Error: Compiling wasm failed: function $assert_return_341[370] at offset 3/20: Operator I64Const NYI
i64.wast:405: $assert_return_342 unexpectedly threw: Error: Compiling wasm failed: function $assert_return_342[371] at offset 7/29: Invalid LEB128 format
i64.wast:406: $assert_return_343 unexpectedly threw: Error: Compiling wasm failed: function $assert_return_343[372] at offset 7/29: Invalid LEB128 format
0/344 tests passed.
