13
14 42
13
13
13
Unexpected Error while compiling imports.8.wasm
WebAssemblyCompileError: Compiling wasm failed: I64 Globals, NYI
imports.wast:245: $assert_trap_0 failed, runtime trap NYI
imports.wast:248: $assert_trap_3 failed, runtime trap NYI
imports.wast:249: $assert_trap_4 failed, runtime trap NYI
imports.wast:262: $assert_trap_0 failed, runtime trap NYI
imports.wast:265: $assert_trap_3 failed, runtime trap NYI
imports.wast:266: $assert_trap_4 failed, runtime trap NYI
imports.wast:351: $assert_trap_3 failed, runtime trap NYI
imports.wast:362: $assert_trap_3 failed, runtime trap NYI
16/24 tests passed.
