13
14 42
13
13
13
Unexpected Error while compiling imports.2.wasm
TypeError: Import is invalid
Unexpected Error while compiling imports.3.wasm
TypeError: Import is invalid
Unexpected Error while compiling imports.4.wasm
TypeError: Import is invalid
Unexpected Error while compiling imports.5.wasm
TypeError: Import is invalid
Unexpected Error while compiling imports.6.wasm
TypeError: Import is invalid
Unexpected Error while compiling imports.7.wasm
TypeError: Import is invalid
Unexpected Error while compiling imports.8.wasm
WebAssemblyCompileError: Compiling wasm failed: I64 Globals, NYI
Unexpected Error while compiling imports.9.wasm
TypeError: Import is invalid
Unexpected Error while compiling imports.10.wasm
TypeError: Import is invalid
Unexpected Error while compiling imports.11.wasm
WebAssemblyCompileError: Compiling wasm failed: IndirectFunctionTable section missing before Element
Unexpected Error while compiling imports.12.wasm
WebAssemblyCompileError: Compiling wasm failed: IndirectFunctionTable section missing before Element
Unexpected Error while compiling imports.24.wasm
WebAssemblyCompileError: Compiling wasm failed: Memory section missing before DataSegments
Unexpected Error while compiling imports.25.wasm
WebAssemblyCompileError: Compiling wasm failed: Memory section missing before DataSegments
testsuite/imports.wast:451: $assert_return_0 unexpectedly threw: WebAssemblyCompileError: Compiling wasm failed: function grow[0] at offset 5/6: Operator GrowMemory NYI
testsuite/imports.wast:452: $assert_return_1 unexpectedly threw: WebAssemblyCompileError: Compiling wasm failed: function grow[0] at offset 5/6: Operator GrowMemory NYI
testsuite/imports.wast:453: $assert_return_2 unexpectedly threw: WebAssemblyCompileError: Compiling wasm failed: function grow[0] at offset 5/6: Operator GrowMemory NYI
testsuite/imports.wast:454: $assert_return_3 unexpectedly threw: WebAssemblyCompileError: Compiling wasm failed: function grow[0] at offset 5/6: Operator GrowMemory NYI
testsuite/imports.wast:455: $assert_return_4 unexpectedly threw: WebAssemblyCompileError: Compiling wasm failed: function grow[0] at offset 5/6: Operator GrowMemory NYI
1/6 tests passed.
