return.wast:187: $assert_return_1 unexpectedly threw: Error: Compiling wasm failed: function type-i64[2] at offset 3/5: Operator I64Ctz NYI
return.wast:192: $assert_return_5 unexpectedly threw: Error: Compiling wasm failed: function $assert_return_5[60] at offset 4/16: Operator I64ReinterpretF64 NYI
return.wast:214: $assert_return_21 unexpectedly threw: Error: Compiling wasm failed: function $assert_return_21[76] at offset 3/7: I64 return type NYI
return.wast:218: $assert_return_24 unexpectedly threw: Error: Compiling wasm failed: function $assert_return_24[79] at offset 3/7: I64 return type NYI
return.wast:222: $assert_return_27 failed.
return.wast:244: $assert_return_44 unexpectedly threw: Error: Compiling wasm failed: function $assert_return_44[99] at offset 3/7: I64 return type NYI
return.wast:247: $assert_return_46 unexpectedly threw: Error: Compiling wasm failed: function as-store-value[44] at offset 9/12: Operator I64StoreMem NYI
return.wast:249: $assert_return_48 unexpectedly threw: Error: Compiling wasm failed: function as-storeN-value[46] at offset 9/12: Operator I64StoreMem16 NYI
return.wast:254: $assert_return_51 unexpectedly threw: Error: Compiling wasm failed: function $assert_return_51[106] at offset 3/7: I64 return type NYI
return.wast:261: $assert_return_55 unexpectedly threw: Error: Compiling wasm failed: function as-convert-operand[53] at offset 5/6: Operator I32ConvertI64 NYI
return.wast:263: $assert_return_56 unexpectedly threw: Error: Compiling wasm failed: function as-grow_memory-size[54] at offset 5/6: Operator GrowMemory NYI
46/57 tests passed.
