traps.wast:16: $assert_trap_0 failed, runtime trap NYI
traps.wast:17: $assert_trap_1 failed, runtime trap NYI
traps.wast:18: $assert_trap_2 failed, runtime trap NYI
traps.wast:19: $assert_trap_3 failed, runtime trap NYI
traps.wast:32: $assert_trap_0 failed, runtime trap NYI
traps.wast:33: $assert_trap_1 failed, runtime trap NYI
traps.wast:34: $assert_trap_2 failed, runtime trap NYI
traps.wast:35: $assert_trap_3 failed, runtime trap NYI
traps.wast:48: $assert_trap_0 failed, runtime trap NYI
traps.wast:49: $assert_trap_1 failed, runtime trap NYI
traps.wast:50: $assert_trap_2 failed, runtime trap NYI
traps.wast:51: $assert_trap_3 failed, runtime trap NYI
traps.wast:52: $assert_trap_4 failed, runtime trap NYI
traps.wast:53: $assert_trap_5 failed, runtime trap NYI
traps.wast:54: $assert_trap_6 failed, runtime trap NYI
traps.wast:55: $assert_trap_7 failed, runtime trap NYI
traps.wast:66: $assert_trap_0 failed, runtime trap NYI
traps.wast:67: $assert_trap_1 failed, runtime trap NYI
traps.wast:68: $assert_trap_2 failed, runtime trap NYI
traps.wast:69: $assert_trap_3 failed, runtime trap NYI
0/20 tests passed.
