(1) testsuite/core/unreached-invalid.wast:4: assert_invalid module failed. Had a linking error, expected a compile error: TypeError: Object expected
(2) testsuite/core/unreached-invalid.wast:8: assert_invalid module failed. Had a linking error, expected a compile error: TypeError: Object expected
(4) testsuite/core/unreached-invalid.wast:16: assert_invalid module failed. Had a linking error, expected a compile error: TypeError: Object expected
(5) testsuite/core/unreached-invalid.wast:21: assert_invalid module failed. Had a linking error, expected a compile error: TypeError: Object expected
(6) testsuite/core/unreached-invalid.wast:27: assert_invalid module failed. Had a linking error, expected a compile error: TypeError: Object expected
(7) testsuite/core/unreached-invalid.wast:33: assert_invalid module failed. Had a linking error, expected a compile error: TypeError: Object expected
(8) testsuite/core/unreached-invalid.wast:42: assert_invalid module failed. Had a linking error, expected a compile error: TypeError: Object expected
(9) testsuite/core/unreached-invalid.wast:46: assert_invalid module failed. Had a linking error, expected a compile error: TypeError: Object expected
(10) testsuite/core/unreached-invalid.wast:50: assert_invalid module failed. Had a linking error, expected a compile error: TypeError: Object expected
(11) testsuite/core/unreached-invalid.wast:56: assert_invalid module failed. Had a linking error, expected a compile error: TypeError: Object expected
(12) testsuite/core/unreached-invalid.wast:60: assert_invalid module failed. Had a linking error, expected a compile error: TypeError: Object expected
(13) testsuite/core/unreached-invalid.wast:64: assert_invalid module failed. Had a linking error, expected a compile error: TypeError: Object expected
(15) testsuite/core/unreached-invalid.wast:76: assert_invalid module failed. Had a linking error, expected a compile error: TypeError: Object expected
(16) testsuite/core/unreached-invalid.wast:82: assert_invalid module failed. Had a linking error, expected a compile error: TypeError: Object expected
(17) testsuite/core/unreached-invalid.wast:88: assert_invalid module failed. Had a linking error, expected a compile error: TypeError: Object expected
(18) testsuite/core/unreached-invalid.wast:94: assert_invalid module failed. Had a linking error, expected a compile error: TypeError: Object expected
(19) testsuite/core/unreached-invalid.wast:100: assert_invalid module failed. Had a linking error, expected a compile error: TypeError: Object expected
(20) testsuite/core/unreached-invalid.wast:106: assert_invalid module failed. Had a linking error, expected a compile error: TypeError: Object expected
(21) testsuite/core/unreached-invalid.wast:112: assert_invalid module failed. Had a linking error, expected a compile error: TypeError: Object expected
(22) testsuite/core/unreached-invalid.wast:118: assert_invalid module failed. Had a linking error, expected a compile error: TypeError: Object expected
(23) testsuite/core/unreached-invalid.wast:124: assert_invalid module failed. Had a linking error, expected a compile error: TypeError: Object expected
(24) testsuite/core/unreached-invalid.wast:130: assert_invalid module failed. Had a linking error, expected a compile error: TypeError: Object expected
(25) testsuite/core/unreached-invalid.wast:137: assert_invalid module failed. Had a linking error, expected a compile error: TypeError: Object expected
(26) testsuite/core/unreached-invalid.wast:143: assert_invalid module failed. Had a linking error, expected a compile error: TypeError: Object expected
(27) testsuite/core/unreached-invalid.wast:149: assert_invalid module failed. Had a linking error, expected a compile error: TypeError: Object expected
(28) testsuite/core/unreached-invalid.wast:155: assert_invalid module failed. Had a linking error, expected a compile error: TypeError: Object expected
(29) testsuite/core/unreached-invalid.wast:161: assert_invalid module failed. Had a linking error, expected a compile error: TypeError: Object expected
(30) testsuite/core/unreached-invalid.wast:167: assert_invalid module failed. Had a linking error, expected a compile error: TypeError: Object expected
(31) testsuite/core/unreached-invalid.wast:173: assert_invalid module failed. Had a linking error, expected a compile error: TypeError: Object expected
(32) testsuite/core/unreached-invalid.wast:179: assert_invalid module failed. Had a linking error, expected a compile error: TypeError: Object expected
(33) testsuite/core/unreached-invalid.wast:185: assert_invalid module failed. Had a linking error, expected a compile error: TypeError: Object expected
(34) testsuite/core/unreached-invalid.wast:191: assert_invalid module failed. Had a linking error, expected a compile error: TypeError: Object expected
(35) testsuite/core/unreached-invalid.wast:198: assert_invalid module failed. Had a linking error, expected a compile error: TypeError: Object expected
(36) testsuite/core/unreached-invalid.wast:204: assert_invalid module failed. Had a linking error, expected a compile error: TypeError: Object expected
(37) testsuite/core/unreached-invalid.wast:210: assert_invalid module failed. Had a linking error, expected a compile error: TypeError: Object expected
(38) testsuite/core/unreached-invalid.wast:216: assert_invalid module failed. Had a linking error, expected a compile error: TypeError: Object expected
(39) testsuite/core/unreached-invalid.wast:222: assert_invalid module failed. Had a linking error, expected a compile error: TypeError: Object expected
(40) testsuite/core/unreached-invalid.wast:228: assert_invalid module failed. Had a linking error, expected a compile error: TypeError: Object expected
(41) testsuite/core/unreached-invalid.wast:234: assert_invalid module failed. Had a linking error, expected a compile error: TypeError: Object expected
(42) testsuite/core/unreached-invalid.wast:240: assert_invalid module failed. Had a linking error, expected a compile error: TypeError: Object expected
(43) testsuite/core/unreached-invalid.wast:246: assert_invalid module failed. Had a linking error, expected a compile error: TypeError: Object expected
(44) testsuite/core/unreached-invalid.wast:252: assert_invalid module failed. Had a linking error, expected a compile error: TypeError: Object expected
(75) testsuite/core/unreached-invalid.wast:445: assert_invalid module failed. Had a linking error, expected a compile error: TypeError: Object expected
(76) testsuite/core/unreached-invalid.wast:452: assert_invalid module failed. Had a linking error, expected a compile error: TypeError: Object expected
(77) testsuite/core/unreached-invalid.wast:459: assert_invalid module failed. Had a linking error, expected a compile error: TypeError: Object expected
(78) testsuite/core/unreached-invalid.wast:465: assert_invalid module failed. Had a linking error, expected a compile error: TypeError: Object expected
(79) testsuite/core/unreached-invalid.wast:471: assert_invalid module failed. Had a linking error, expected a compile error: TypeError: Object expected
(80) testsuite/core/unreached-invalid.wast:477: assert_invalid module failed. Had a linking error, expected a compile error: TypeError: Object expected
(81) testsuite/core/unreached-invalid.wast:489: assert_invalid module failed. Had a linking error, expected a compile error: TypeError: Object expected
52/101 tests passed.
