(1) testsuite/core/utf8-import-field.wast:7: assert_malformed module failed. Had a linking error, expected a compile error: TypeError: Object expected
(2) testsuite/core/utf8-import-field.wast:22: assert_malformed module failed. Had a linking error, expected a compile error: TypeError: Object expected
(3) testsuite/core/utf8-import-field.wast:37: assert_malformed module failed. Had a linking error, expected a compile error: TypeError: Object expected
(4) testsuite/core/utf8-import-field.wast:52: assert_malformed module failed. Had a linking error, expected a compile error: TypeError: Object expected
(5) testsuite/core/utf8-import-field.wast:67: assert_malformed module failed. Had a linking error, expected a compile error: TypeError: Object expected
(6) testsuite/core/utf8-import-field.wast:82: assert_malformed module failed. Had a linking error, expected a compile error: TypeError: Object expected
(7) testsuite/core/utf8-import-field.wast:99: assert_malformed module failed. Had a linking error, expected a compile error: TypeError: Object expected
(8) testsuite/core/utf8-import-field.wast:114: assert_malformed module failed. Had a linking error, expected a compile error: TypeError: Object expected
(9) testsuite/core/utf8-import-field.wast:129: assert_malformed module failed. Had a linking error, expected a compile error: TypeError: Object expected
(10) testsuite/core/utf8-import-field.wast:146: assert_malformed module failed. Had a linking error, expected a compile error: TypeError: Object expected
(11) testsuite/core/utf8-import-field.wast:161: assert_malformed module failed. Had a linking error, expected a compile error: TypeError: Object expected
(12) testsuite/core/utf8-import-field.wast:176: assert_malformed module failed. Had a linking error, expected a compile error: TypeError: Object expected
(13) testsuite/core/utf8-import-field.wast:191: assert_malformed module failed. Had a linking error, expected a compile error: TypeError: Object expected
(14) testsuite/core/utf8-import-field.wast:206: assert_malformed module failed. Had a linking error, expected a compile error: TypeError: Object expected
(15) testsuite/core/utf8-import-field.wast:221: assert_malformed module failed. Had a linking error, expected a compile error: TypeError: Object expected
(16) testsuite/core/utf8-import-field.wast:236: assert_malformed module failed. Had a linking error, expected a compile error: TypeError: Object expected
(17) testsuite/core/utf8-import-field.wast:251: assert_malformed module failed. Had a linking error, expected a compile error: TypeError: Object expected
(18) testsuite/core/utf8-import-field.wast:266: assert_malformed module failed. Had a linking error, expected a compile error: TypeError: Object expected
(19) testsuite/core/utf8-import-field.wast:281: assert_malformed module failed. Had a linking error, expected a compile error: TypeError: Object expected
(20) testsuite/core/utf8-import-field.wast:296: assert_malformed module failed. Had a linking error, expected a compile error: TypeError: Object expected
(21) testsuite/core/utf8-import-field.wast:311: assert_malformed module failed. Had a linking error, expected a compile error: TypeError: Object expected
(22) testsuite/core/utf8-import-field.wast:328: assert_malformed module failed. Had a linking error, expected a compile error: TypeError: Object expected
(23) testsuite/core/utf8-import-field.wast:343: assert_malformed module failed. Had a linking error, expected a compile error: TypeError: Object expected
(24) testsuite/core/utf8-import-field.wast:358: assert_malformed module failed. Had a linking error, expected a compile error: TypeError: Object expected
(25) testsuite/core/utf8-import-field.wast:373: assert_malformed module failed. Had a linking error, expected a compile error: TypeError: Object expected
(26) testsuite/core/utf8-import-field.wast:388: assert_malformed module failed. Had a linking error, expected a compile error: TypeError: Object expected
(27) testsuite/core/utf8-import-field.wast:405: assert_malformed module failed. Had a linking error, expected a compile error: TypeError: Object expected
(28) testsuite/core/utf8-import-field.wast:420: assert_malformed module failed. Had a linking error, expected a compile error: TypeError: Object expected
(29) testsuite/core/utf8-import-field.wast:435: assert_malformed module failed. Had a linking error, expected a compile error: TypeError: Object expected
(30) testsuite/core/utf8-import-field.wast:450: assert_malformed module failed. Had a linking error, expected a compile error: TypeError: Object expected
(31) testsuite/core/utf8-import-field.wast:465: assert_malformed module failed. Had a linking error, expected a compile error: TypeError: Object expected
(32) testsuite/core/utf8-import-field.wast:480: assert_malformed module failed. Had a linking error, expected a compile error: TypeError: Object expected
(33) testsuite/core/utf8-import-field.wast:495: assert_malformed module failed. Had a linking error, expected a compile error: TypeError: Object expected
(34) testsuite/core/utf8-import-field.wast:510: assert_malformed module failed. Had a linking error, expected a compile error: TypeError: Object expected
(35) testsuite/core/utf8-import-field.wast:525: assert_malformed module failed. Had a linking error, expected a compile error: TypeError: Object expected
(36) testsuite/core/utf8-import-field.wast:540: assert_malformed module failed. Had a linking error, expected a compile error: TypeError: Object expected
(37) testsuite/core/utf8-import-field.wast:555: assert_malformed module failed. Had a linking error, expected a compile error: TypeError: Object expected
(38) testsuite/core/utf8-import-field.wast:570: assert_malformed module failed. Had a linking error, expected a compile error: TypeError: Object expected
(39) testsuite/core/utf8-import-field.wast:585: assert_malformed module failed. Had a linking error, expected a compile error: TypeError: Object expected
(40) testsuite/core/utf8-import-field.wast:600: assert_malformed module failed. Had a linking error, expected a compile error: TypeError: Object expected
(41) testsuite/core/utf8-import-field.wast:615: assert_malformed module failed. Had a linking error, expected a compile error: TypeError: Object expected
(42) testsuite/core/utf8-import-field.wast:630: assert_malformed module failed. Had a linking error, expected a compile error: TypeError: Object expected
(43) testsuite/core/utf8-import-field.wast:645: assert_malformed module failed. Had a linking error, expected a compile error: TypeError: Object expected
(44) testsuite/core/utf8-import-field.wast:660: assert_malformed module failed. Had a linking error, expected a compile error: TypeError: Object expected
(45) testsuite/core/utf8-import-field.wast:675: assert_malformed module failed. Had a linking error, expected a compile error: TypeError: Object expected
(46) testsuite/core/utf8-import-field.wast:690: assert_malformed module failed. Had a linking error, expected a compile error: TypeError: Object expected
(47) testsuite/core/utf8-import-field.wast:705: assert_malformed module failed. Had a linking error, expected a compile error: TypeError: Object expected
(48) testsuite/core/utf8-import-field.wast:720: assert_malformed module failed. Had a linking error, expected a compile error: TypeError: Object expected
(49) testsuite/core/utf8-import-field.wast:735: assert_malformed module failed. Had a linking error, expected a compile error: TypeError: Object expected
(50) testsuite/core/utf8-import-field.wast:750: assert_malformed module failed. Had a linking error, expected a compile error: TypeError: Object expected
(51) testsuite/core/utf8-import-field.wast:765: assert_malformed module failed. Had a linking error, expected a compile error: TypeError: Object expected
(52) testsuite/core/utf8-import-field.wast:780: assert_malformed module failed. Had a linking error, expected a compile error: TypeError: Object expected
(53) testsuite/core/utf8-import-field.wast:795: assert_malformed module failed. Had a linking error, expected a compile error: TypeError: Object expected
(54) testsuite/core/utf8-import-field.wast:810: assert_malformed module failed. Had a linking error, expected a compile error: TypeError: Object expected
(55) testsuite/core/utf8-import-field.wast:825: assert_malformed module failed. Had a linking error, expected a compile error: TypeError: Object expected
(56) testsuite/core/utf8-import-field.wast:840: assert_malformed module failed. Had a linking error, expected a compile error: TypeError: Object expected
(57) testsuite/core/utf8-import-field.wast:855: assert_malformed module failed. Had a linking error, expected a compile error: TypeError: Object expected
(58) testsuite/core/utf8-import-field.wast:870: assert_malformed module failed. Had a linking error, expected a compile error: TypeError: Object expected
(59) testsuite/core/utf8-import-field.wast:887: assert_malformed module failed. Had a linking error, expected a compile error: TypeError: Object expected
(60) testsuite/core/utf8-import-field.wast:902: assert_malformed module failed. Had a linking error, expected a compile error: TypeError: Object expected
(61) testsuite/core/utf8-import-field.wast:917: assert_malformed module failed. Had a linking error, expected a compile error: TypeError: Object expected
(62) testsuite/core/utf8-import-field.wast:932: assert_malformed module failed. Had a linking error, expected a compile error: TypeError: Object expected
(63) testsuite/core/utf8-import-field.wast:947: assert_malformed module failed. Had a linking error, expected a compile error: TypeError: Object expected
(64) testsuite/core/utf8-import-field.wast:962: assert_malformed module failed. Had a linking error, expected a compile error: TypeError: Object expected
(65) testsuite/core/utf8-import-field.wast:977: assert_malformed module failed. Had a linking error, expected a compile error: TypeError: Object expected
(66) testsuite/core/utf8-import-field.wast:992: assert_malformed module failed. Had a linking error, expected a compile error: TypeError: Object expected
(67) testsuite/core/utf8-import-field.wast:1007: assert_malformed module failed. Had a linking error, expected a compile error: TypeError: Object expected
(68) testsuite/core/utf8-import-field.wast:1022: assert_malformed module failed. Had a linking error, expected a compile error: TypeError: Object expected
(69) testsuite/core/utf8-import-field.wast:1037: assert_malformed module failed. Had a linking error, expected a compile error: TypeError: Object expected
(70) testsuite/core/utf8-import-field.wast:1052: assert_malformed module failed. Had a linking error, expected a compile error: TypeError: Object expected
(71) testsuite/core/utf8-import-field.wast:1067: assert_malformed module failed. Had a linking error, expected a compile error: TypeError: Object expected
(72) testsuite/core/utf8-import-field.wast:1082: assert_malformed module failed. Had a linking error, expected a compile error: TypeError: Object expected
(73) testsuite/core/utf8-import-field.wast:1097: assert_malformed module failed. Had a linking error, expected a compile error: TypeError: Object expected
(74) testsuite/core/utf8-import-field.wast:1112: assert_malformed module failed. Had a linking error, expected a compile error: TypeError: Object expected
(75) testsuite/core/utf8-import-field.wast:1127: assert_malformed module failed. Had a linking error, expected a compile error: TypeError: Object expected
(76) testsuite/core/utf8-import-field.wast:1142: assert_malformed module failed. Had a linking error, expected a compile error: TypeError: Object expected
(77) testsuite/core/utf8-import-field.wast:1157: assert_malformed module failed. Had a linking error, expected a compile error: TypeError: Object expected
(78) testsuite/core/utf8-import-field.wast:1172: assert_malformed module failed. Had a linking error, expected a compile error: TypeError: Object expected
(79) testsuite/core/utf8-import-field.wast:1187: assert_malformed module failed. Had a linking error, expected a compile error: TypeError: Object expected
(80) testsuite/core/utf8-import-field.wast:1202: assert_malformed module failed. Had a linking error, expected a compile error: TypeError: Object expected
(81) testsuite/core/utf8-import-field.wast:1217: assert_malformed module failed. Had a linking error, expected a compile error: TypeError: Object expected
(82) testsuite/core/utf8-import-field.wast:1232: assert_malformed module failed. Had a linking error, expected a compile error: TypeError: Object expected
(83) testsuite/core/utf8-import-field.wast:1249: assert_malformed module failed. Had a linking error, expected a compile error: TypeError: Object expected
(84) testsuite/core/utf8-import-field.wast:1264: assert_malformed module failed. Had a linking error, expected a compile error: TypeError: Object expected
(85) testsuite/core/utf8-import-field.wast:1279: assert_malformed module failed. Had a linking error, expected a compile error: TypeError: Object expected
(86) testsuite/core/utf8-import-field.wast:1294: assert_malformed module failed. Had a linking error, expected a compile error: TypeError: Object expected
(87) testsuite/core/utf8-import-field.wast:1309: assert_malformed module failed. Had a linking error, expected a compile error: TypeError: Object expected
(88) testsuite/core/utf8-import-field.wast:1324: assert_malformed module failed. Had a linking error, expected a compile error: TypeError: Object expected
(89) testsuite/core/utf8-import-field.wast:1339: assert_malformed module failed. Had a linking error, expected a compile error: TypeError: Object expected
(90) testsuite/core/utf8-import-field.wast:1356: assert_malformed module failed. Had a linking error, expected a compile error: TypeError: Object expected
(91) testsuite/core/utf8-import-field.wast:1371: assert_malformed module failed. Had a linking error, expected a compile error: TypeError: Object expected
(92) testsuite/core/utf8-import-field.wast:1386: assert_malformed module failed. Had a linking error, expected a compile error: TypeError: Object expected
(93) testsuite/core/utf8-import-field.wast:1401: assert_malformed module failed. Had a linking error, expected a compile error: TypeError: Object expected
(94) testsuite/core/utf8-import-field.wast:1416: assert_malformed module failed. Had a linking error, expected a compile error: TypeError: Object expected
(95) testsuite/core/utf8-import-field.wast:1431: assert_malformed module failed. Had a linking error, expected a compile error: TypeError: Object expected
(96) testsuite/core/utf8-import-field.wast:1446: assert_malformed module failed. Had a linking error, expected a compile error: TypeError: Object expected
(97) testsuite/core/utf8-import-field.wast:1461: assert_malformed module failed. Had a linking error, expected a compile error: TypeError: Object expected
(98) testsuite/core/utf8-import-field.wast:1476: assert_malformed module failed. Had a linking error, expected a compile error: TypeError: Object expected
(99) testsuite/core/utf8-import-field.wast:1491: assert_malformed module failed. Had a linking error, expected a compile error: TypeError: Object expected
(100) testsuite/core/utf8-import-field.wast:1506: assert_malformed module failed. Had a linking error, expected a compile error: TypeError: Object expected
(101) testsuite/core/utf8-import-field.wast:1521: assert_malformed module failed. Had a linking error, expected a compile error: TypeError: Object expected
(102) testsuite/core/utf8-import-field.wast:1536: assert_malformed module failed. Had a linking error, expected a compile error: TypeError: Object expected
(103) testsuite/core/utf8-import-field.wast:1551: assert_malformed module failed. Had a linking error, expected a compile error: TypeError: Object expected
(104) testsuite/core/utf8-import-field.wast:1566: assert_malformed module failed. Had a linking error, expected a compile error: TypeError: Object expected
(105) testsuite/core/utf8-import-field.wast:1581: assert_malformed module failed. Had a linking error, expected a compile error: TypeError: Object expected
(106) testsuite/core/utf8-import-field.wast:1596: assert_malformed module failed. Had a linking error, expected a compile error: TypeError: Object expected
(107) testsuite/core/utf8-import-field.wast:1611: assert_malformed module failed. Had a linking error, expected a compile error: TypeError: Object expected
(108) testsuite/core/utf8-import-field.wast:1626: assert_malformed module failed. Had a linking error, expected a compile error: TypeError: Object expected
(109) testsuite/core/utf8-import-field.wast:1641: assert_malformed module failed. Had a linking error, expected a compile error: TypeError: Object expected
(110) testsuite/core/utf8-import-field.wast:1656: assert_malformed module failed. Had a linking error, expected a compile error: TypeError: Object expected
(111) testsuite/core/utf8-import-field.wast:1671: assert_malformed module failed. Had a linking error, expected a compile error: TypeError: Object expected
(112) testsuite/core/utf8-import-field.wast:1686: assert_malformed module failed. Had a linking error, expected a compile error: TypeError: Object expected
(113) testsuite/core/utf8-import-field.wast:1701: assert_malformed module failed. Had a linking error, expected a compile error: TypeError: Object expected
(114) testsuite/core/utf8-import-field.wast:1716: assert_malformed module failed. Had a linking error, expected a compile error: TypeError: Object expected
(115) testsuite/core/utf8-import-field.wast:1733: assert_malformed module failed. Had a linking error, expected a compile error: TypeError: Object expected
(116) testsuite/core/utf8-import-field.wast:1748: assert_malformed module failed. Had a linking error, expected a compile error: TypeError: Object expected
(117) testsuite/core/utf8-import-field.wast:1763: assert_malformed module failed. Had a linking error, expected a compile error: TypeError: Object expected
(118) testsuite/core/utf8-import-field.wast:1778: assert_malformed module failed. Had a linking error, expected a compile error: TypeError: Object expected
(119) testsuite/core/utf8-import-field.wast:1793: assert_malformed module failed. Had a linking error, expected a compile error: TypeError: Object expected
(120) testsuite/core/utf8-import-field.wast:1808: assert_malformed module failed. Had a linking error, expected a compile error: TypeError: Object expected
(121) testsuite/core/utf8-import-field.wast:1823: assert_malformed module failed. Had a linking error, expected a compile error: TypeError: Object expected
(122) testsuite/core/utf8-import-field.wast:1838: assert_malformed module failed. Had a linking error, expected a compile error: TypeError: Object expected
(123) testsuite/core/utf8-import-field.wast:1853: assert_malformed module failed. Had a linking error, expected a compile error: TypeError: Object expected
(124) testsuite/core/utf8-import-field.wast:1868: assert_malformed module failed. Had a linking error, expected a compile error: TypeError: Object expected
(125) testsuite/core/utf8-import-field.wast:1883: assert_malformed module failed. Had a linking error, expected a compile error: TypeError: Object expected
(126) testsuite/core/utf8-import-field.wast:1898: assert_malformed module failed. Had a linking error, expected a compile error: TypeError: Object expected
(127) testsuite/core/utf8-import-field.wast:1913: assert_malformed module failed. Had a linking error, expected a compile error: TypeError: Object expected
(128) testsuite/core/utf8-import-field.wast:1928: assert_malformed module failed. Had a linking error, expected a compile error: TypeError: Object expected
(129) testsuite/core/utf8-import-field.wast:1943: assert_malformed module failed. Had a linking error, expected a compile error: TypeError: Object expected
(130) testsuite/core/utf8-import-field.wast:1958: assert_malformed module failed. Had a linking error, expected a compile error: TypeError: Object expected
(131) testsuite/core/utf8-import-field.wast:1975: assert_malformed module failed. Had a linking error, expected a compile error: TypeError: Object expected
(132) testsuite/core/utf8-import-field.wast:1990: assert_malformed module failed. Had a linking error, expected a compile error: TypeError: Object expected
(133) testsuite/core/utf8-import-field.wast:2005: assert_malformed module failed. Had a linking error, expected a compile error: TypeError: Object expected
(134) testsuite/core/utf8-import-field.wast:2020: assert_malformed module failed. Had a linking error, expected a compile error: TypeError: Object expected
(135) testsuite/core/utf8-import-field.wast:2035: assert_malformed module failed. Had a linking error, expected a compile error: TypeError: Object expected
(136) testsuite/core/utf8-import-field.wast:2050: assert_malformed module failed. Had a linking error, expected a compile error: TypeError: Object expected
(137) testsuite/core/utf8-import-field.wast:2065: assert_malformed module failed. Had a linking error, expected a compile error: TypeError: Object expected
(138) testsuite/core/utf8-import-field.wast:2080: assert_malformed module failed. Had a linking error, expected a compile error: TypeError: Object expected
(139) testsuite/core/utf8-import-field.wast:2095: assert_malformed module failed. Had a linking error, expected a compile error: TypeError: Object expected
(140) testsuite/core/utf8-import-field.wast:2110: assert_malformed module failed. Had a linking error, expected a compile error: TypeError: Object expected
(141) testsuite/core/utf8-import-field.wast:2125: assert_malformed module failed. Had a linking error, expected a compile error: TypeError: Object expected
(142) testsuite/core/utf8-import-field.wast:2140: assert_malformed module failed. Had a linking error, expected a compile error: TypeError: Object expected
(143) testsuite/core/utf8-import-field.wast:2155: assert_malformed module failed. Had a linking error, expected a compile error: TypeError: Object expected
(144) testsuite/core/utf8-import-field.wast:2170: assert_malformed module failed. Had a linking error, expected a compile error: TypeError: Object expected
(145) testsuite/core/utf8-import-field.wast:2185: assert_malformed module failed. Had a linking error, expected a compile error: TypeError: Object expected
(146) testsuite/core/utf8-import-field.wast:2200: assert_malformed module failed. Had a linking error, expected a compile error: TypeError: Object expected
(147) testsuite/core/utf8-import-field.wast:2217: assert_malformed module failed. Had a linking error, expected a compile error: TypeError: Object expected
(148) testsuite/core/utf8-import-field.wast:2232: assert_malformed module failed. Had a linking error, expected a compile error: TypeError: Object expected
(149) testsuite/core/utf8-import-field.wast:2247: assert_malformed module failed. Had a linking error, expected a compile error: TypeError: Object expected
(150) testsuite/core/utf8-import-field.wast:2262: assert_malformed module failed. Had a linking error, expected a compile error: TypeError: Object expected
(151) testsuite/core/utf8-import-field.wast:2277: assert_malformed module failed. Had a linking error, expected a compile error: TypeError: Object expected
(152) testsuite/core/utf8-import-field.wast:2292: assert_malformed module failed. Had a linking error, expected a compile error: TypeError: Object expected
(153) testsuite/core/utf8-import-field.wast:2307: assert_malformed module failed. Had a linking error, expected a compile error: TypeError: Object expected
(154) testsuite/core/utf8-import-field.wast:2322: assert_malformed module failed. Had a linking error, expected a compile error: TypeError: Object expected
(155) testsuite/core/utf8-import-field.wast:2337: assert_malformed module failed. Had a linking error, expected a compile error: TypeError: Object expected
(156) testsuite/core/utf8-import-field.wast:2354: assert_malformed module failed. Had a linking error, expected a compile error: TypeError: Object expected
(157) testsuite/core/utf8-import-field.wast:2369: assert_malformed module failed. Had a linking error, expected a compile error: TypeError: Object expected
(158) testsuite/core/utf8-import-field.wast:2386: assert_malformed module failed. Had a linking error, expected a compile error: TypeError: Object expected
(159) testsuite/core/utf8-import-field.wast:2401: assert_malformed module failed. Had a linking error, expected a compile error: TypeError: Object expected
(160) testsuite/core/utf8-import-field.wast:2416: assert_malformed module failed. Had a linking error, expected a compile error: TypeError: Object expected
(161) testsuite/core/utf8-import-field.wast:2431: assert_malformed module failed. Had a linking error, expected a compile error: TypeError: Object expected
(162) testsuite/core/utf8-import-field.wast:2446: assert_malformed module failed. Had a linking error, expected a compile error: TypeError: Object expected
(163) testsuite/core/utf8-import-field.wast:2461: assert_malformed module failed. Had a linking error, expected a compile error: TypeError: Object expected
(164) testsuite/core/utf8-import-field.wast:2476: assert_malformed module failed. Had a linking error, expected a compile error: TypeError: Object expected
(165) testsuite/core/utf8-import-field.wast:2491: assert_malformed module failed. Had a linking error, expected a compile error: TypeError: Object expected
(166) testsuite/core/utf8-import-field.wast:2506: assert_malformed module failed. Had a linking error, expected a compile error: TypeError: Object expected
(167) testsuite/core/utf8-import-field.wast:2521: assert_malformed module failed. Had a linking error, expected a compile error: TypeError: Object expected
(168) testsuite/core/utf8-import-field.wast:2536: assert_malformed module failed. Had a linking error, expected a compile error: TypeError: Object expected
(169) testsuite/core/utf8-import-field.wast:2553: assert_malformed module failed. Had a linking error, expected a compile error: TypeError: Object expected
(170) testsuite/core/utf8-import-field.wast:2568: assert_malformed module failed. Had a linking error, expected a compile error: TypeError: Object expected
(171) testsuite/core/utf8-import-field.wast:2585: assert_malformed module failed. Had a linking error, expected a compile error: TypeError: Object expected
(172) testsuite/core/utf8-import-field.wast:2600: assert_malformed module failed. Had a linking error, expected a compile error: TypeError: Object expected
(173) testsuite/core/utf8-import-field.wast:2615: assert_malformed module failed. Had a linking error, expected a compile error: TypeError: Object expected
(174) testsuite/core/utf8-import-field.wast:2630: assert_malformed module failed. Had a linking error, expected a compile error: TypeError: Object expected
(175) testsuite/core/utf8-import-field.wast:2645: assert_malformed module failed. Had a linking error, expected a compile error: TypeError: Object expected
(176) testsuite/core/utf8-import-field.wast:2660: assert_malformed module failed. Had a linking error, expected a compile error: TypeError: Object expected
0/176 tests passed.
