Int32x4 load
Int32x4 load: Test aligned loads
Correct
Correct
Correct
Correct
Correct
Correct
Correct
Correct
Correct
Correct
Correct
Correct
Correct
Correct
Correct
Correct
Int32x4 load: Test 2 possible over-alignments
Correct
Correct
Correct
Correct
Int32x4 load: Test 7 possible mis-alignments
Correct
Correct
Correct
Correct
Correct
Correct
Correct
Correct
Correct
Correct
Correct
Correct
Correct
Correct
Correct
Correct
Correct
Correct
Correct
Correct
Correct
Correct
Correct
Correct
Correct
Correct
Correct
Correct
Int32x4 load1
Int32x4 load1: Test aligned loads
Correct
Correct
Correct
Correct
Correct
Correct
Correct
Correct
Correct
Correct
Correct
Correct
Correct
Correct
Correct
Correct
Int32x4 load1: Test 2 possible over-alignments
Correct
Correct
Correct
Correct
Int32x4 load1: Test 7 possible mis-alignments
Correct
Correct
Correct
Correct
Correct
Correct
Correct
Correct
Correct
Correct
Correct
Correct
Correct
Correct
Correct
Correct
Correct
Correct
Correct
Correct
Correct
Correct
Correct
Correct
Correct
Correct
Correct
Correct
Int32x4 load2
Int32x4 load2: Test aligned loads
Correct
Correct
Correct
Correct
Correct
Correct
Correct
Correct
Correct
Correct
Correct
Correct
Correct
Correct
Correct
Correct
Int32x4 load2: Test 2 possible over-alignments
Correct
Correct
Correct
Correct
Int32x4 load2: Test 7 possible mis-alignments
Correct
Correct
Correct
Correct
Correct
Correct
Correct
Correct
Correct
Correct
Correct
Correct
Correct
Correct
Correct
Correct
Correct
Correct
Correct
Correct
Correct
Correct
Correct
Correct
Correct
Correct
Correct
Correct
Int32x4 load3
Int32x4 load3: Test aligned loads
Correct
Correct
Correct
Correct
Correct
Correct
Correct
Correct
Correct
Correct
Correct
Correct
Correct
Correct
Correct
Correct
Int32x4 load3: Test 2 possible over-alignments
Correct
Correct
Correct
Correct
Int32x4 load3: Test 7 possible mis-alignments
Correct
Correct
Correct
Correct
Correct
Correct
Correct
Correct
Correct
Correct
Correct
Correct
Correct
Correct
Correct
Correct
Correct
Correct
Correct
Correct
Correct
Correct
Correct
Correct
Correct
Correct
Correct
Correct
