testing with 2 properties
deleting property number 0 on iteration 0
adding a property on iteration 0
0
1
testing with 2 properties
deleting property number 0 on iteration 0
adding a property on iteration 1
0
1
testing with 2 properties
deleting property number 0 on iteration 0
adding a property on iteration 2
0
1
testing with 2 properties
deleting property number 0 on iteration 1
adding a property on iteration 0
0
1
testing with 2 properties
deleting property number 0 on iteration 1
adding a property on iteration 1
0
1
testing with 2 properties
deleting property number 0 on iteration 1
adding a property on iteration 2
0
1
testing with 2 properties
deleting property number 0 on iteration 2
adding a property on iteration 0
0
1
testing with 2 properties
deleting property number 0 on iteration 2
adding a property on iteration 1
0
1
testing with 2 properties
deleting property number 0 on iteration 2
adding a property on iteration 2
0
1
testing with 2 properties
deleting property number 1 on iteration 0
adding a property on iteration 0
0
testing with 2 properties
deleting property number 1 on iteration 0
adding a property on iteration 1
0
testing with 2 properties
deleting property number 1 on iteration 0
adding a property on iteration 2
0
testing with 2 properties
deleting property number 1 on iteration 1
adding a property on iteration 0
0
1
testing with 2 properties
deleting property number 1 on iteration 1
adding a property on iteration 1
0
1
testing with 2 properties
deleting property number 1 on iteration 1
adding a property on iteration 2
0
1
testing with 2 properties
deleting property number 1 on iteration 2
adding a property on iteration 0
0
1
testing with 2 properties
deleting property number 1 on iteration 2
adding a property on iteration 1
0
1
testing with 2 properties
deleting property number 1 on iteration 2
adding a property on iteration 2
0
1
testing with 2 properties
deleting property number 2 on iteration 0
adding a property on iteration 0
0
1
testing with 2 properties
deleting property number 2 on iteration 0
adding a property on iteration 1
0
1
testing with 2 properties
deleting property number 2 on iteration 0
adding a property on iteration 2
0
1
testing with 2 properties
deleting property number 2 on iteration 1
adding a property on iteration 0
0
1
testing with 2 properties
deleting property number 2 on iteration 1
adding a property on iteration 1
0
1
testing with 2 properties
deleting property number 2 on iteration 1
adding a property on iteration 2
0
1
testing with 2 properties
deleting property number 2 on iteration 2
adding a property on iteration 0
0
1
testing with 2 properties
deleting property number 2 on iteration 2
adding a property on iteration 1
0
1
testing with 2 properties
deleting property number 2 on iteration 2
adding a property on iteration 2
0
1
