Beginning test of basicGenerator
---BeginBackEnd: function: printif---
---EndBackEnd---
---BeginBackEnd: function: printif---
---EndBackEnd---
---BeginBackEnd: function: basicGenerator, loop:1---
---EndBackEnd---
basicGenerator Loop 0 a = 40
basicGenerator Loop 0 arguments[0] = 40
---BeginBackEnd: function: basicGenerator, loop:0---
---EndBackEnd---
basicGenerator Loop 0 a = 80
basicGenerator Loop 0 arguments[0] = 80
Loop 3 completed
---BeginBackEnd: function: value---
---EndBackEnd---
---BeginBackEnd: function: value---
---EndBackEnd---
---BeginBackEnd: function: value---
---EndBackEnd---
Loop 4 k = 80
---BeginBackEnd: function: basicGenerator, loop:4---
---EndBackEnd---
Loop 4 k = 40
Loop 4 k = 0
Loop 4 completed
---BeginBackEnd: function: Array.prototype.values---
---EndBackEnd---
---BeginBackEnd: function: Anonymous function---
---EndBackEnd---
---BeginBackEnd: function: Anonymous function---
---EndBackEnd---
yielded value = 80
yielded value = 40
yielded value = 0
