printing module
get-a -2
get-x 10
get-y 5
get-z 777
get-b 1001
get-c 9.5
get-d 9.5
get-e 10
get-f 18
printing exported globals
x 10
z 777
c 9.5
d 9.5
e 10
printing module
get-a -2
get-x 10
get-y 123
get-z 777
get-b 1001
get-c 9.5
get-d 9.5
get-e 10
get-f 18
printing module
get-a -2
get-x 10
get-y 123
get-z 777
get-b 0.125
get-c 9.5
get-d 9.5
get-e 10
get-f 18
printing exported globals
x 10
z 777
c 9.5
d 9.5
e 10
printing module b
printing module
get-a 13
get-x 10
get-y 0
get-z 777
get-b 5
get-c 9.5
get-d 9.5
get-e 10
get-f 9.5
