=i32=
Overflow
Overflow
Overflow
Overflow
====
0
-2
-1
Overflow
Overflow
====
-1
0
-2147483647
-2147483648
Overflow
====
0
2147483647
Overflow
====
0
-256
Overflow
====
0
2147483520
Overflow
====
0
-2147483520
Overflow
=i64=
Overflow
Overflow
Overflow
Overflow
====
-858992640
Overflow
0
0
Overflow
====
-1024
Overflow
====
-858993664
Overflow
====
Overflow
Overflow
0
0
Overflow
====
0
Overflow
====
0
Overflow
