ReferenceError: 'baz' is not defined
   at foo (x64StackWalk.js:13:9)
   at Global code (x64StackWalk.js:23:1)
ReferenceError: 'baz' is not defined
   at foo (x64StackWalk.js:18:9)
   at Global code (x64StackWalk.js:23:1)
ReferenceError: 'baz' is not defined
   at foo (x64StackWalk.js:13:9)
   at Global code (x64StackWalk.js:24:1)
ReferenceError: 'baz' is not defined
   at foo (x64StackWalk.js:18:9)
   at Global code (x64StackWalk.js:24:1)
ReferenceError: 'baz' is not defined
   at foo (x64StackWalk.js:13:9)
   at Global code (x64StackWalk.js:25:1)
ReferenceError: 'baz' is not defined
   at foo (x64StackWalk.js:18:9)
   at Global code (x64StackWalk.js:25:1)
