Test 1:
SyntaxError: Identifier redeclaration
Test 2:
SyntaxError: Identifier redeclaration
Test 3:
SyntaxError: Identifier redeclaration
Test 4:
SyntaxError: Identifier redeclaration
Test 5:
SyntaxError: Identifier redeclaration
Test 6:
SyntaxError: Identifier redeclaration
Test 7:
SyntaxError: Identifier redeclaration
Test 8:
SyntaxError: Identifier redeclaration
Test 9:
SyntaxError: Identifier redeclaration
Test a1:
SyntaxError: Identifier redeclaration
Test a2:
SyntaxError: Identifier redeclaration
Test a3:
SyntaxError: Identifier redeclaration
Test a4:
SyntaxError: Identifier redeclaration
Test a5:
SyntaxError: Identifier redeclaration
Test a6:
SyntaxError: Identifier redeclaration
Test a7:
SyntaxError: Identifier redeclaration
Test a8:
SyntaxError: Identifier redeclaration
Test a9:
SyntaxError: Identifier redeclaration
Test b1:
SyntaxError: Identifier redeclaration
Test b2:
SyntaxError: Identifier redeclaration
Test b3:
SyntaxError: Identifier redeclaration
