Passed: WebAssembly.compile(buffer => defaultModule)
Passed: WebAssembly.compile(Promise => timeout Error)
Passed: WebAssembly.compile(Promise => Empty Error)
Passed: WebAssembly.compile(Promise => Error)
Passed: WebAssembly.compile(Promise => string)
Passed: WebAssembly.compile(fetch => defaultModule)
Passed: WebAssembly.compile(fetch => Error)
Passed: WebAssembly.compile(Response => defaultModule)
Passed: WebAssembly.compile(Response => Error)
Passed: WebAssembly.instantiate(fetch => defaultModule)
Passed: WebAssembly.instantiate(fetch => Error)
Passed: WebAssembly.instantiate(Response => defaultModule)
Passed: WebAssembly.instantiate(Response => Error)
Passed: WebAssembly.instantiate(fetch => defaultImportModule, defaultImportObject)
Passed: WebAssembly.instantiate(Response => defaultImportModule, defaultImportObject)
Report: Passed=15
