16384
Stores:
Test1
Test2
Test3
Test4
Test5
Test6
Test7
Test8
Test9
Test10
Test12
Test13
Test14
Loads
Test1
Test2
Test3
Test4
Test5
Test6
Test7
Test8
Test9
Test10
Test11
Test12
BoundCheck
Test1
Correct
Test2
Correct
Test3
Correct
Test4
Correct
Test5
Correct
Test6
Correct
Test7
Correct
Test8
Correct
Test9
Correct
Test10
Correct
Test11
Correct
Correct
Correct
Correct
Correct
Correct
Correct
Correct
Test12
Correct
Test13
Correct
Test14
Correct
Test15
Correct
Test16
Correct
Test17
Correct
Test18
Correct
Test19
Correct
